Change Dir: 'C:/Users/hyuns/Desktop/project/SpaceBalloon_2.0/spaceballoon_stm32_lora32/test/build_host'

Run Clean Command: "C:/Program Files (x86)/Microsoft Visual Studio/2022/BuildTools/MSBuild/Current/Bin/amd64/MSBuild.exe" C:/Users/hyuns/Desktop/project/SpaceBalloon_2.0/spaceballoon_stm32_lora32/test/build_host/UnitTests.sln /t:Clean /p:Configuration=Debug /p:Platform=x64 /p:VisualStudioVersion=17.0 /v:n
msbuild 踰꾩쟾 17.14.23+b0019275e(.NET Framework??
鍮뚮뱶 ?쒖옉: 2026-01-08 ?ㅽ썑 1:18:25

1 ?몃뱶??"C:\Users\hyuns\Desktop\project\SpaceBalloon_2.0\spaceballoon_stm32_lora32\test\build_host\UnitTests.sln" ?꾨줈?앺듃(Clean ????낅땲??
ValidateSolutionConfiguration:
  ?붾（??援ъ꽦 "Debug|x64"??瑜? 鍮뚮뱶?섍퀬 ?덉뒿?덈떎.
ValidateProjects:
  "ALL_BUILD" ?꾨줈?앺듃媛 ?붾（??援ъ꽦 "Debug|x64"?먯꽌 鍮뚮뱶?섎룄濡??좏깮?섏? ?딆븯?듬땲??
"C:\Users\hyuns\Desktop\project\SpaceBalloon_2.0\spaceballoon_stm32_lora32\test\build_host\UnitTests.sln"(1) ?꾨줈?앺듃媛 1 ?몃뱶?먯꽌 "C:\Users\hyuns\Desktop\project\SpaceBalloon_2.0\spaceballoon_stm32_lora32\test\build_host\test_pid_runner.vcxproj.metaproj"(2)??瑜? 鍮뚮뱶?섍퀬 ?덉뒿?덈떎(Clean ???.
"C:\Users\hyuns\Desktop\project\SpaceBalloon_2.0\spaceballoon_stm32_lora32\test\build_host\test_pid_runner.vcxproj.metaproj"(2) ?꾨줈?앺듃媛 1 ?몃뱶?먯꽌 "C:\Users\hyuns\Desktop\project\SpaceBalloon_2.0\spaceballoon_stm32_lora32\test\build_host\ZERO_CHECK.vcxproj"(3)??瑜? 鍮뚮뱶?섍퀬 ?덉뒿?덈떎(Clean ???.
_PrepareForClean:
  "x64\Debug\ZERO_CHECK\ZERO_CHECK.tlog\ZERO_CHECK.lastbuildstate" ?뚯씪????젣?섍퀬 ?덉뒿?덈떎.
"C:\Users\hyuns\Desktop\project\SpaceBalloon_2.0\spaceballoon_stm32_lora32\test\build_host\ZERO_CHECK.vcxproj" ?꾨줈?앺듃瑜?鍮뚮뱶?덉뒿?덈떎(Clean ???.
"C:\Users\hyuns\Desktop\project\SpaceBalloon_2.0\spaceballoon_stm32_lora32\test\build_host\test_pid_runner.vcxproj.metaproj"(2) ?꾨줈?앺듃媛 1 ?몃뱶?먯꽌 "C:\Users\hyuns\Desktop\project\SpaceBalloon_2.0\spaceballoon_stm32_lora32\test\build_host\test_pid_runner.vcxproj"(4)??瑜? 鍮뚮뱶?섍퀬 ?덉뒿?덈떎(Clean ???.
_PrepareForClean:
  "test_pid_runner.dir\Debug\test_pid_runner.tlog\test_pid_runner.lastbuildstate" ?뚯씪????젣?섍퀬 ?덉뒿?덈떎.
"C:\Users\hyuns\Desktop\project\SpaceBalloon_2.0\spaceballoon_stm32_lora32\test\build_host\test_pid_runner.vcxproj" ?꾨줈?앺듃瑜?鍮뚮뱶?덉뒿?덈떎(Clean ???.
"C:\Users\hyuns\Desktop\project\SpaceBalloon_2.0\spaceballoon_stm32_lora32\test\build_host\test_pid_runner.vcxproj.metaproj" ?꾨줈?앺듃瑜?鍮뚮뱶?덉뒿?덈떎(Clean ???.
"C:\Users\hyuns\Desktop\project\SpaceBalloon_2.0\spaceballoon_stm32_lora32\test\build_host\UnitTests.sln"(1) ?꾨줈?앺듃媛 1 ?몃뱶?먯꽌 "C:\Users\hyuns\Desktop\project\SpaceBalloon_2.0\spaceballoon_stm32_lora32\test\build_host\test_kalman_runner.vcxproj.metaproj"(5)??瑜? 鍮뚮뱶?섍퀬 ?덉뒿?덈떎(Clean ???.
"C:\Users\hyuns\Desktop\project\SpaceBalloon_2.0\spaceballoon_stm32_lora32\test\build_host\test_kalman_runner.vcxproj.metaproj"(5) ?꾨줈?앺듃媛 1 ?몃뱶?먯꽌 "C:\Users\hyuns\Desktop\project\SpaceBalloon_2.0\spaceballoon_stm32_lora32\test\build_host\test_kalman_runner.vcxproj"(6)??瑜? 鍮뚮뱶?섍퀬 ?덉뒿?덈떎(Clean ???.
_PrepareForClean:
  "test_kalman_runner.dir\Debug\test_kal.5B3E5130.tlog\test_kalman_runner.lastbuildstate" ?뚯씪????젣?섍퀬 ?덉뒿?덈떎.
"C:\Users\hyuns\Desktop\project\SpaceBalloon_2.0\spaceballoon_stm32_lora32\test\build_host\test_kalman_runner.vcxproj" ?꾨줈?앺듃瑜?鍮뚮뱶?덉뒿?덈떎(Clean ???.
"C:\Users\hyuns\Desktop\project\SpaceBalloon_2.0\spaceballoon_stm32_lora32\test\build_host\test_kalman_runner.vcxproj.metaproj" ?꾨줈?앺듃瑜?鍮뚮뱶?덉뒿?덈떎(Clean ???.
"C:\Users\hyuns\Desktop\project\SpaceBalloon_2.0\spaceballoon_stm32_lora32\test\build_host\UnitTests.sln"(1) ?꾨줈?앺듃媛 1 ?몃뱶?먯꽌 "C:\Users\hyuns\Desktop\project\SpaceBalloon_2.0\spaceballoon_stm32_lora32\test\build_host\test_integration_runner.vcxproj.metaproj"(7)??瑜? 鍮뚮뱶?섍퀬 ?덉뒿?덈떎(Clean ???.
"C:\Users\hyuns\Desktop\project\SpaceBalloon_2.0\spaceballoon_stm32_lora32\test\build_host\test_integration_runner.vcxproj.metaproj"(7) ?꾨줈?앺듃媛 1 ?몃뱶?먯꽌 "C:\Users\hyuns\Desktop\project\SpaceBalloon_2.0\spaceballoon_stm32_lora32\test\build_host\test_integration_runner.vcxproj"(8)??瑜? 鍮뚮뱶?섍퀬 ?덉뒿?덈떎(Clean ???.
_PrepareForClean:
  "test_integration_runner.dir\Debug\test_int.B9C670A2.tlog\test_integration_runner.lastbuildstate" ?뚯씪????젣?섍퀬 ?덉뒿?덈떎.
"C:\Users\hyuns\Desktop\project\SpaceBalloon_2.0\spaceballoon_stm32_lora32\test\build_host\test_integration_runner.vcxproj" ?꾨줈?앺듃瑜?鍮뚮뱶?덉뒿?덈떎(Clean ???.
"C:\Users\hyuns\Desktop\project\SpaceBalloon_2.0\spaceballoon_stm32_lora32\test\build_host\test_integration_runner.vcxproj.metaproj" ?꾨줈?앺듃瑜?鍮뚮뱶?덉뒿?덈떎(Clean ???.
"C:\Users\hyuns\Desktop\project\SpaceBalloon_2.0\spaceballoon_stm32_lora32\test\build_host\UnitTests.sln"(1) ?꾨줈?앺듃媛 1 ?몃뱶?먯꽌 "C:\Users\hyuns\Desktop\project\SpaceBalloon_2.0\spaceballoon_stm32_lora32\test\build_host\test_fdir_runner.vcxproj.metaproj"(9)??瑜? 鍮뚮뱶?섍퀬 ?덉뒿?덈떎(Clean ???.
"C:\Users\hyuns\Desktop\project\SpaceBalloon_2.0\spaceballoon_stm32_lora32\test\build_host\test_fdir_runner.vcxproj.metaproj"(9) ?꾨줈?앺듃媛 1 ?몃뱶?먯꽌 "C:\Users\hyuns\Desktop\project\SpaceBalloon_2.0\spaceballoon_stm32_lora32\test\build_host\test_fdir_runner.vcxproj"(10)??瑜? 鍮뚮뱶?섍퀬 ?덉뒿?덈떎(Clean ???.
_PrepareForClean:
  "test_fdir_runner.dir\Debug\test_fdir_runner.tlog\test_fdir_runner.lastbuildstate" ?뚯씪????젣?섍퀬 ?덉뒿?덈떎.
"C:\Users\hyuns\Desktop\project\SpaceBalloon_2.0\spaceballoon_stm32_lora32\test\build_host\test_fdir_runner.vcxproj" ?꾨줈?앺듃瑜?鍮뚮뱶?덉뒿?덈떎(Clean ???.
"C:\Users\hyuns\Desktop\project\SpaceBalloon_2.0\spaceballoon_stm32_lora32\test\build_host\test_fdir_runner.vcxproj.metaproj" ?꾨줈?앺듃瑜?鍮뚮뱶?덉뒿?덈떎(Clean ???.
"C:\Users\hyuns\Desktop\project\SpaceBalloon_2.0\spaceballoon_stm32_lora32\test\build_host\UnitTests.sln"(1) ?꾨줈?앺듃媛 1 ?몃뱶?먯꽌 "C:\Users\hyuns\Desktop\project\SpaceBalloon_2.0\spaceballoon_stm32_lora32\test\build_host\test_drivers_runner.vcxproj.metaproj"(11)??瑜? 鍮뚮뱶?섍퀬 ?덉뒿?덈떎(Clean ???.
"C:\Users\hyuns\Desktop\project\SpaceBalloon_2.0\spaceballoon_stm32_lora32\test\build_host\test_drivers_runner.vcxproj.metaproj"(11) ?꾨줈?앺듃媛 1 ?몃뱶?먯꽌 "C:\Users\hyuns\Desktop\project\SpaceBalloon_2.0\spaceballoon_stm32_lora32\test\build_host\test_drivers_runner.vcxproj"(12)??瑜? 鍮뚮뱶?섍퀬 ?덉뒿?덈떎(Clean ???.
_PrepareForClean:
  "test_drivers_runner.dir\Debug\test_dri.5434C82A.tlog\test_drivers_runner.lastbuildstate" ?뚯씪????젣?섍퀬 ?덉뒿?덈떎.
"C:\Users\hyuns\Desktop\project\SpaceBalloon_2.0\spaceballoon_stm32_lora32\test\build_host\test_drivers_runner.vcxproj" ?꾨줈?앺듃瑜?鍮뚮뱶?덉뒿?덈떎(Clean ???.
"C:\Users\hyuns\Desktop\project\SpaceBalloon_2.0\spaceballoon_stm32_lora32\test\build_host\test_drivers_runner.vcxproj.metaproj" ?꾨줈?앺듃瑜?鍮뚮뱶?덉뒿?덈떎(Clean ???.
"C:\Users\hyuns\Desktop\project\SpaceBalloon_2.0\spaceballoon_stm32_lora32\test\build_host\UnitTests.sln" ?꾨줈?앺듃瑜?鍮뚮뱶?덉뒿?덈떎(Clean ???.

鍮뚮뱶?덉뒿?덈떎.
    寃쎄퀬 0媛?
    ?ㅻ쪟 0媛?

寃쎄낵 ?쒓컙: 00:00:00.33

Run Build Command(s): "C:/Program Files (x86)/Microsoft Visual Studio/2022/BuildTools/MSBuild/Current/Bin/amd64/MSBuild.exe" test_drivers_runner.vcxproj /p:Configuration=Debug /p:Platform=x64 /p:VisualStudioVersion=17.0 /v:n
msbuild 踰꾩쟾 17.14.23+b0019275e(.NET Framework??
鍮뚮뱶 ?쒖옉: 2026-01-08 ?ㅽ썑 1:18:26

1 ?몃뱶??"C:\Users\hyuns\Desktop\project\SpaceBalloon_2.0\spaceballoon_stm32_lora32\test\build_host\test_drivers_runner.vcxproj" ?꾨줈?앺듃(湲곕낯 ????낅땲??
"C:\Users\hyuns\Desktop\project\SpaceBalloon_2.0\spaceballoon_stm32_lora32\test\build_host\test_drivers_runner.vcxproj"(1) ?꾨줈?앺듃媛 1 ?몃뱶?먯꽌 "C:\Users\hyuns\Desktop\project\SpaceBalloon_2.0\spaceballoon_stm32_lora32\test\build_host\ZERO_CHECK.vcxproj"(2)??瑜? 鍮뚮뱶?섍퀬 ?덉뒿?덈떎(湲곕낯 ???.
PrepareForBuild:
  援ъ“??異쒕젰???ъ슜?????덉뒿?덈떎. 而댄뙆?쇰윭 吏꾨떒???쒖떇? ?ㅻ쪟 怨꾩링 援ъ“瑜?諛섏쁺?⑸땲?? ?먯꽭???댁슜? https://aka.ms/cpp/structured-output??李몄“?섏꽭??
InitializeBuildStatus:
  "AlwaysCreate"??媛) 吏?뺣릺?덇린 ?뚮Ц??"x64\Debug\ZERO_CHECK\ZERO_CHECK.tlog\unsuccessfulbuild"??瑜? 留뚮뱾怨??덉뒿?덈떎.
  "x64\Debug\ZERO_CHECK\ZERO_CHECK.tlog\unsuccessfulbuild"???곌껐(touching)?섍퀬 ?덉뒿?덈떎.
CustomBuild:
  1>Checking Build System
FinalizeBuildStatus:
  "x64\Debug\ZERO_CHECK\ZERO_CHECK.tlog\unsuccessfulbuild" ?뚯씪????젣?섍퀬 ?덉뒿?덈떎.
  "x64\Debug\ZERO_CHECK\ZERO_CHECK.tlog\ZERO_CHECK.lastbuildstate"???곌껐(touching)?섍퀬 ?덉뒿?덈떎.
"C:\Users\hyuns\Desktop\project\SpaceBalloon_2.0\spaceballoon_stm32_lora32\test\build_host\ZERO_CHECK.vcxproj" ?꾨줈?앺듃瑜?鍮뚮뱶?덉뒿?덈떎(湲곕낯 ???.
PrepareForBuild:
  援ъ“??異쒕젰???ъ슜?????덉뒿?덈떎. 而댄뙆?쇰윭 吏꾨떒???쒖떇? ?ㅻ쪟 怨꾩링 援ъ“瑜?諛섏쁺?⑸땲?? ?먯꽭???댁슜? https://aka.ms/cpp/structured-output??李몄“?섏꽭??
InitializeBuildStatus:
  "AlwaysCreate"??媛) 吏?뺣릺?덇린 ?뚮Ц??"test_drivers_runner.dir\Debug\test_dri.5434C82A.tlog\unsuccessfulbuild"??瑜? 留뚮뱾怨??덉뒿?덈떎.
  "test_drivers_runner.dir\Debug\test_dri.5434C82A.tlog\unsuccessfulbuild"???곌껐(touching)?섍퀬 ?덉뒿?덈떎.
CustomBuild:
  Building Custom Rule C:/Users/hyuns/Desktop/project/SpaceBalloon_2.0/spaceballoon_stm32_lora32/test/CMakeLists.txt
ClCompile:
  C:\Program Files (x86)\Microsoft Visual Studio\2022\BuildTools\VC\Tools\MSVC\14.44.35207\bin\HostX64\x64\CL.exe /c /IC:\Users\hyuns\Desktop\project\SpaceBalloon_2.0\spaceballoon_stm32_lora32\test\unity_minimal /IC:\Users\hyuns\Desktop\project\SpaceBalloon_2.0\spaceballoon_stm32_lora32\test\..\HostSim\mock_inc /IC:\Users\hyuns\Desktop\project\SpaceBalloon_2.0\spaceballoon_stm32_lora32\test\..\Core\Inc /IC:\Users\hyuns\Desktop\project\SpaceBalloon_2.0\spaceballoon_stm32_lora32\test\test_fdir /IC:\Users\hyuns\Desktop\project\SpaceBalloon_2.0\spaceballoon_stm32_lora32\test\..\Core\Drivers\lsm6dsv16x /IC:\Users\hyuns\Desktop\project\SpaceBalloon_2.0\spaceballoon_stm32_lora32\test\..\Core\Drivers\cm1107n /IC:\Users\hyuns\Desktop\project\SpaceBalloon_2.0\spaceballoon_stm32_lora32\test\..\Core\Drivers\ds18b20 /IC:\Users\hyuns\Desktop\project\SpaceBalloon_2.0\spaceballoon_stm32_lora32\test\..\Core\Drivers\gdk101 /IC:\Users\hyuns\Desktop\project\SpaceBalloon_2.0\spaceballoon_stm32_lora32\test\..\Core\Drivers\mcp9600 /IC:\Users\hyuns\Desktop\project\SpaceBalloon_2.0\spaceballoon_stm32_lora32\test\..\Core\Drivers\minmea /IC:\Users\hyuns\Desktop\project\SpaceBalloon_2.0\spaceballoon_stm32_lora32\test\..\Core\Drivers\mlx90393 /IC:\Users\hyuns\Desktop\project\SpaceBalloon_2.0\spaceballoon_stm32_lora32\test\..\Core\Drivers\ms5611 /IC:\Users\hyuns\Desktop\project\SpaceBalloon_2.0\spaceballoon_stm32_lora32\test\..\Core\Drivers\pms3003 /IC:\Users\hyuns\Desktop\project\SpaceBalloon_2.0\spaceballoon_stm32_lora32\test\..\Core\Drivers\sen0321 /IC:\Users\hyuns\Desktop\project\SpaceBalloon_2.0\spaceballoon_stm32_lora32\test\..\Core\Drivers\sht31 /IC:\Users\hyuns\Desktop\project\SpaceBalloon_2.0\spaceballoon_stm32_lora32\test\..\Core\Drivers\xa1110 /IC:\Users\hyuns\Desktop\project\SpaceBalloon_2.0\spaceballoon_stm32_lora32\test\test_drivers /Zi /nologo /W3 /WX- /diagnostics:column /Od /Ob0 /D _MBCS /D WIN32 /D _WINDOWS /D HOST_TEST_MODE /D UNIT_TEST /D "CMAKE_INTDIR=\"Debug\"" /RTC1 /MDd /std:c11 /Fo"test_drivers_runner.dir\Debug\\" /Fd"test_drivers_runner.dir\Debug\vc143.pdb" /external:W3 /TC /errorReport:queue C:\Users\hyuns\Desktop\project\SpaceBalloon_2.0\spaceballoon_stm32_lora32\test\test_drivers\test_main.c C:\Users\hyuns\Desktop\project\SpaceBalloon_2.0\spaceballoon_stm32_lora32\test\test_drivers\mock_hal.c C:\Users\hyuns\Desktop\project\SpaceBalloon_2.0\spaceballoon_stm32_lora32\test\test_drivers\sensors_copy.c C:\Users\hyuns\Desktop\project\SpaceBalloon_2.0\spaceballoon_stm32_lora32\Core\Src\fdir.c C:\Users\hyuns\Desktop\project\SpaceBalloon_2.0\spaceballoon_stm32_lora32\test\test_drivers\mock_lsm6dsv16x.c C:\Users\hyuns\Desktop\project\SpaceBalloon_2.0\spaceballoon_stm32_lora32\Core\Drivers\mlx90393\mlx90393_driver.c C:\Users\hyuns\Desktop\project\SpaceBalloon_2.0\spaceballoon_stm32_lora32\Core\Drivers\xa1110\xa1110_driver.c C:\Users\hyuns\Desktop\project\SpaceBalloon_2.0\spaceballoon_stm32_lora32\Core\Drivers\minmea\minmea.c C:\Users\hyuns\Desktop\project\SpaceBalloon_2.0\spaceballoon_stm32_lora32\Core\Drivers\gdk101\gdk101_driver.c C:\Users\hyuns\Desktop\project\SpaceBalloon_2.0\spaceballoon_stm32_lora32\Core\Drivers\ms5611\ms5611_driver.c C:\Users\hyuns\Desktop\project\SpaceBalloon_2.0\spaceballoon_stm32_lora32\Core\Drivers\sht31\sht31_driver.c C:\Users\hyuns\Desktop\project\SpaceBalloon_2.0\spaceballoon_stm32_lora32\Core\Drivers\pms3003\pms3003_driver.c C:\Users\hyuns\Desktop\project\SpaceBalloon_2.0\spaceballoon_stm32_lora32\Core\Drivers\sen0321\sen0321_driver.c C:\Users\hyuns\Desktop\project\SpaceBalloon_2.0\spaceballoon_stm32_lora32\Core\Drivers\mcp9600\mcp9600_driver.c C:\Users\hyuns\Desktop\project\SpaceBalloon_2.0\spaceballoon_stm32_lora32\Core\Drivers\cm1107n\cm1107n_driver.c C:\Users\hyuns\Desktop\project\SpaceBalloon_2.0\spaceballoon_stm32_lora32\Core\Drivers\ds18b20\ds18b20_driver.c C:\Users\hyuns\Desktop\project\SpaceBalloon_2.0\spaceballoon_stm32_lora32\Core\Drivers\ds18b20\ds18b20.c C:\Users\hyuns\Desktop\project\SpaceBalloon_2.0\spaceballoon_stm32_lora32\Core\Drivers\ds18b20\ownet.c C:\Users\hyuns\Desktop\project\SpaceBalloon_2.0\spaceballoon_stm32_lora32\Core\Drivers\ds18b20\owhal_mock.c C:\Users\hyuns\Desktop\project\SpaceBalloon_2.0\spaceballoon_stm32_lora32\Core\Drivers\ds18b20\crcutil.c C:\Users\hyuns\Desktop\project\SpaceBalloon_2.0\spaceballoon_stm32_lora32\test\unity_minimal\unity.c
  test_main.c
  mock_hal.c
  sensors_copy.c
  fdir.c
  mock_lsm6dsv16x.c
C:\Users\hyuns\Desktop\project\SpaceBalloon_2.0\spaceballoon_stm32_lora32\Core\Src\fdir.c(1,1): warning C4819: ?꾩옱 肄붾뱶 ?섏씠吏(949)?먯꽌 ?쒖떆?????녿뒗 臾몄옄媛 ?뚯씪???ㅼ뼱 ?덉뒿?덈떎. ?곗씠?곌? ?먯떎?섏? ?딄쾶 ?섎젮硫??대떦 ?뚯씪???좊땲肄붾뱶 ?뺤떇?쇰줈 ??ν븯??떆?? [C:\Users\hyuns\Desktop\project\SpaceBalloon_2.0\spaceballoon_stm32_lora32\test\build_host\test_drivers_runner.vcxproj]
  mlx90393_driver.c
C:\Users\hyuns\Desktop\project\SpaceBalloon_2.0\spaceballoon_stm32_lora32\Core\Drivers\mlx90393\mlx90393_driver.c(6,7): warning C4305: '珥덇린??以?: 'double'?먯꽌 'const float'(??濡??섎┰?덈떎. [C:\Users\hyuns\Desktop\project\SpaceBalloon_2.0\spaceballoon_stm32_lora32\test\build_host\test_drivers_runner.vcxproj]
C:\Users\hyuns\Desktop\project\SpaceBalloon_2.0\spaceballoon_stm32_lora32\Core\Drivers\mlx90393\mlx90393_driver.c(6,14): warning C4305: '珥덇린??以?: 'double'?먯꽌 'const float'(??濡??섎┰?덈떎. [C:\Users\hyuns\Desktop\project\SpaceBalloon_2.0\spaceballoon_stm32_lora32\test\build_host\test_drivers_runner.vcxproj]
C:\Users\hyuns\Desktop\project\SpaceBalloon_2.0\spaceballoon_stm32_lora32\Core\Drivers\mlx90393\mlx90393_driver.c(6,23): warning C4305: '珥덇린??以?: 'double'?먯꽌 'const float'(??濡??섎┰?덈떎. [C:\Users\hyuns\Desktop\project\SpaceBalloon_2.0\spaceballoon_stm32_lora32\test\build_host\test_drivers_runner.vcxproj]
C:\Users\hyuns\Desktop\project\SpaceBalloon_2.0\spaceballoon_stm32_lora32\Core\Drivers\mlx90393\mlx90393_driver.c(6,30): warning C4305: '珥덇린??以?: 'double'?먯꽌 'const float'(??濡??섎┰?덈떎. [C:\Users\hyuns\Desktop\project\SpaceBalloon_2.0\spaceballoon_stm32_lora32\test\build_host\test_drivers_runner.vcxproj]
C:\Users\hyuns\Desktop\project\SpaceBalloon_2.0\spaceballoon_stm32_lora32\Core\Drivers\mlx90393\mlx90393_driver.c(6,39): warning C4305: '珥덇린??以?: 'double'?먯꽌 'const float'(??濡??섎┰?덈떎. [C:\Users\hyuns\Desktop\project\SpaceBalloon_2.0\spaceballoon_stm32_lora32\test\build_host\test_drivers_runner.vcxproj]
C:\Users\hyuns\Desktop\project\SpaceBalloon_2.0\spaceballoon_stm32_lora32\Core\Drivers\mlx90393\mlx90393_driver.c(6,46): warning C4305: '珥덇린??以?: 'double'?먯꽌 'const float'(??濡??섎┰?덈떎. [C:\Users\hyuns\Desktop\project\SpaceBalloon_2.0\spaceballoon_stm32_lora32\test\build_host\test_drivers_runner.vcxproj]
C:\Users\hyuns\Desktop\project\SpaceBalloon_2.0\spaceballoon_stm32_lora32\Core\Drivers\mlx90393\mlx90393_driver.c(6,55): warning C4305: '珥덇린??以?: 'double'?먯꽌 'const float'(??濡??섎┰?덈떎. [C:\Users\hyuns\Desktop\project\SpaceBalloon_2.0\spaceballoon_stm32_lora32\test\build_host\test_drivers_runner.vcxproj]
C:\Users\hyuns\Desktop\project\SpaceBalloon_2.0\spaceballoon_stm32_lora32\Core\Drivers\mlx90393\mlx90393_driver.c(6,62): warning C4305: '珥덇린??以?: 'double'?먯꽌 'const float'(??濡??섎┰?덈떎. [C:\Users\hyuns\Desktop\project\SpaceBalloon_2.0\spaceballoon_stm32_lora32\test\build_host\test_drivers_runner.vcxproj]
C:\Users\hyuns\Desktop\project\SpaceBalloon_2.0\spaceballoon_stm32_lora32\Core\Drivers\mlx90393\mlx90393_driver.c(7,7): warning C4305: '珥덇린??以?: 'double'?먯꽌 'const float'(??濡??섎┰?덈떎. [C:\Users\hyuns\Desktop\project\SpaceBalloon_2.0\spaceballoon_stm32_lora32\test\build_host\test_drivers_runner.vcxproj]
C:\Users\hyuns\Desktop\project\SpaceBalloon_2.0\spaceballoon_stm32_lora32\Core\Drivers\mlx90393\mlx90393_driver.c(7,14): warning C4305: '珥덇린??以?: 'double'?먯꽌 'const float'(??濡??섎┰?덈떎. [C:\Users\hyuns\Desktop\project\SpaceBalloon_2.0\spaceballoon_stm32_lora32\test\build_host\test_drivers_runner.vcxproj]
C:\Users\hyuns\Desktop\project\SpaceBalloon_2.0\spaceballoon_stm32_lora32\Core\Drivers\mlx90393\mlx90393_driver.c(7,23): warning C4305: '珥덇린??以?: 'double'?먯꽌 'const float'(??濡??섎┰?덈떎. [C:\Users\hyuns\Desktop\project\SpaceBalloon_2.0\spaceballoon_stm32_lora32\test\build_host\test_drivers_runner.vcxproj]
C:\Users\hyuns\Desktop\project\SpaceBalloon_2.0\spaceballoon_stm32_lora32\Core\Drivers\mlx90393\mlx90393_driver.c(7,30): warning C4305: '珥덇린??以?: 'double'?먯꽌 'const float'(??濡??섎┰?덈떎. [C:\Users\hyuns\Desktop\project\SpaceBalloon_2.0\spaceballoon_stm32_lora32\test\build_host\test_drivers_runner.vcxproj]
C:\Users\hyuns\Desktop\project\SpaceBalloon_2.0\spaceballoon_stm32_lora32\Core\Drivers\mlx90393\mlx90393_driver.c(7,39): warning C4305: '珥덇린??以?: 'double'?먯꽌 'const float'(??濡??섎┰?덈떎. [C:\Users\hyuns\Desktop\project\SpaceBalloon_2.0\spaceballoon_stm32_lora32\test\build_host\test_drivers_runner.vcxproj]
C:\Users\hyuns\Desktop\project\SpaceBalloon_2.0\spaceballoon_stm32_lora32\Core\Drivers\mlx90393\mlx90393_driver.c(7,46): warning C4305: '珥덇린??以?: 'double'?먯꽌 'const float'(??濡??섎┰?덈떎. [C:\Users\hyuns\Desktop\project\SpaceBalloon_2.0\spaceballoon_stm32_lora32\test\build_host\test_drivers_runner.vcxproj]
C:\Users\hyuns\Desktop\project\SpaceBalloon_2.0\spaceballoon_stm32_lora32\Core\Drivers\mlx90393\mlx90393_driver.c(7,55): warning C4305: '珥덇린??以?: 'double'?먯꽌 'const float'(??濡??섎┰?덈떎. [C:\Users\hyuns\Desktop\project\SpaceBalloon_2.0\spaceballoon_stm32_lora32\test\build_host\test_drivers_runner.vcxproj]
C:\Users\hyuns\Desktop\project\SpaceBalloon_2.0\spaceballoon_stm32_lora32\Core\Drivers\mlx90393\mlx90393_driver.c(7,62): warning C4305: '珥덇린??以?: 'double'?먯꽌 'const float'(??濡??섎┰?덈떎. [C:\Users\hyuns\Desktop\project\SpaceBalloon_2.0\spaceballoon_stm32_lora32\test\build_host\test_drivers_runner.vcxproj]
C:\Users\hyuns\Desktop\project\SpaceBalloon_2.0\spaceballoon_stm32_lora32\Core\Drivers\mlx90393\mlx90393_driver.c(8,7): warning C4305: '珥덇린??以?: 'double'?먯꽌 'const float'(??濡??섎┰?덈떎. [C:\Users\hyuns\Desktop\project\SpaceBalloon_2.0\spaceballoon_stm32_lora32\test\build_host\test_drivers_runner.vcxproj]
C:\Users\hyuns\Desktop\project\SpaceBalloon_2.0\spaceballoon_stm32_lora32\Core\Drivers\mlx90393\mlx90393_driver.c(8,14): warning C4305: '珥덇린??以?: 'double'?먯꽌 'const float'(??濡??섎┰?덈떎. [C:\Users\hyuns\Desktop\project\SpaceBalloon_2.0\spaceballoon_stm32_lora32\test\build_host\test_drivers_runner.vcxproj]
C:\Users\hyuns\Desktop\project\SpaceBalloon_2.0\spaceballoon_stm32_lora32\Core\Drivers\mlx90393\mlx90393_driver.c(8,23): warning C4305: '珥덇린??以?: 'double'?먯꽌 'const float'(??濡??섎┰?덈떎. [C:\Users\hyuns\Desktop\project\SpaceBalloon_2.0\spaceballoon_stm32_lora32\test\build_host\test_drivers_runner.vcxproj]
C:\Users\hyuns\Desktop\project\SpaceBalloon_2.0\spaceballoon_stm32_lora32\Core\Drivers\mlx90393\mlx90393_driver.c(8,30): warning C4305: '珥덇린??以?: 'double'?먯꽌 'const float'(??濡??섎┰?덈떎. [C:\Users\hyuns\Desktop\project\SpaceBalloon_2.0\spaceballoon_stm32_lora32\test\build_host\test_drivers_runner.vcxproj]
C:\Users\hyuns\Desktop\project\SpaceBalloon_2.0\spaceballoon_stm32_lora32\Core\Drivers\mlx90393\mlx90393_driver.c(8,39): warning C4305: '珥덇린??以?: 'double'?먯꽌 'const float'(??濡??섎┰?덈떎. [C:\Users\hyuns\Desktop\project\SpaceBalloon_2.0\spaceballoon_stm32_lora32\test\build_host\test_drivers_runner.vcxproj]
C:\Users\hyuns\Desktop\project\SpaceBalloon_2.0\spaceballoon_stm32_lora32\Core\Drivers\mlx90393\mlx90393_driver.c(8,46): warning C4305: '珥덇린??以?: 'double'?먯꽌 'const float'(??濡??섎┰?덈떎. [C:\Users\hyuns\Desktop\project\SpaceBalloon_2.0\spaceballoon_stm32_lora32\test\build_host\test_drivers_runner.vcxproj]
C:\Users\hyuns\Desktop\project\SpaceBalloon_2.0\spaceballoon_stm32_lora32\Core\Drivers\mlx90393\mlx90393_driver.c(8,55): warning C4305: '珥덇린??以?: 'double'?먯꽌 'const float'(??濡??섎┰?덈떎. [C:\Users\hyuns\Desktop\project\SpaceBalloon_2.0\spaceballoon_stm32_lora32\test\build_host\test_drivers_runner.vcxproj]
C:\Users\hyuns\Desktop\project\SpaceBalloon_2.0\spaceballoon_stm32_lora32\Core\Drivers\mlx90393\mlx90393_driver.c(8,62): warning C4305: '珥덇린??以?: 'double'?먯꽌 'const float'(??濡??섎┰?덈떎. [C:\Users\hyuns\Desktop\project\SpaceBalloon_2.0\spaceballoon_stm32_lora32\test\build_host\test_drivers_runner.vcxproj]
C:\Users\hyuns\Desktop\project\SpaceBalloon_2.0\spaceballoon_stm32_lora32\Core\Drivers\mlx90393\mlx90393_driver.c(9,7): warning C4305: '珥덇린??以?: 'double'?먯꽌 'const float'(??濡??섎┰?덈떎. [C:\Users\hyuns\Desktop\project\SpaceBalloon_2.0\spaceballoon_stm32_lora32\test\build_host\test_drivers_runner.vcxproj]
C:\Users\hyuns\Desktop\project\SpaceBalloon_2.0\spaceballoon_stm32_lora32\Core\Drivers\mlx90393\mlx90393_driver.c(9,14): warning C4305: '珥덇린??以?: 'double'?먯꽌 'const float'(??濡??섎┰?덈떎. [C:\Users\hyuns\Desktop\project\SpaceBalloon_2.0\spaceballoon_stm32_lora32\test\build_host\test_drivers_runner.vcxproj]
C:\Users\hyuns\Desktop\project\SpaceBalloon_2.0\spaceballoon_stm32_lora32\Core\Drivers\mlx90393\mlx90393_driver.c(9,23): warning C4305: '珥덇린??以?: 'double'?먯꽌 'const float'(??濡??섎┰?덈떎. [C:\Users\hyuns\Desktop\project\SpaceBalloon_2.0\spaceballoon_stm32_lora32\test\build_host\test_drivers_runner.vcxproj]
C:\Users\hyuns\Desktop\project\SpaceBalloon_2.0\spaceballoon_stm32_lora32\Core\Drivers\mlx90393\mlx90393_driver.c(9,30): warning C4305: '珥덇린??以?: 'double'?먯꽌 'const float'(??濡??섎┰?덈떎. [C:\Users\hyuns\Desktop\project\SpaceBalloon_2.0\spaceballoon_stm32_lora32\test\build_host\test_drivers_runner.vcxproj]
  xa1110_driver.c
C:\Users\hyuns\Desktop\project\SpaceBalloon_2.0\spaceballoon_stm32_lora32\Core\Drivers\mlx90393\mlx90393_driver.c(9,39): warning C4305: '珥덇린??以?: 'double'?먯꽌 'const float'(??濡??섎┰?덈떎. [C:\Users\hyuns\Desktop\project\SpaceBalloon_2.0\spaceballoon_stm32_lora32\test\build_host\test_drivers_runner.vcxproj]
C:\Users\hyuns\Desktop\project\SpaceBalloon_2.0\spaceballoon_stm32_lora32\Core\Drivers\mlx90393\mlx90393_driver.c(9,46): warning C4305: '珥덇린??以?: 'double'?먯꽌 'const float'(??濡??섎┰?덈떎. [C:\Users\hyuns\Desktop\project\SpaceBalloon_2.0\spaceballoon_stm32_lora32\test\build_host\test_drivers_runner.vcxproj]
C:\Users\hyuns\Desktop\project\SpaceBalloon_2.0\spaceballoon_stm32_lora32\Core\Drivers\mlx90393\mlx90393_driver.c(9,55): warning C4305: '珥덇린??以?: 'double'?먯꽌 'const float'(??濡??섎┰?덈떎. [C:\Users\hyuns\Desktop\project\SpaceBalloon_2.0\spaceballoon_stm32_lora32\test\build_host\test_drivers_runner.vcxproj]
C:\Users\hyuns\Desktop\project\SpaceBalloon_2.0\spaceballoon_stm32_lora32\Core\Drivers\mlx90393\mlx90393_driver.c(9,62): warning C4305: '珥덇린??以?: 'double'?먯꽌 'const float'(??濡??섎┰?덈떎. [C:\Users\hyuns\Desktop\project\SpaceBalloon_2.0\spaceballoon_stm32_lora32\test\build_host\test_drivers_runner.vcxproj]
C:\Users\hyuns\Desktop\project\SpaceBalloon_2.0\spaceballoon_stm32_lora32\Core\Drivers\mlx90393\mlx90393_driver.c(10,7): warning C4305: '珥덇린??以?: 'double'?먯꽌 'const float'(??濡??섎┰?덈떎. [C:\Users\hyuns\Desktop\project\SpaceBalloon_2.0\spaceballoon_stm32_lora32\test\build_host\test_drivers_runner.vcxproj]
C:\Users\hyuns\Desktop\project\SpaceBalloon_2.0\spaceballoon_stm32_lora32\Core\Drivers\mlx90393\mlx90393_driver.c(10,14): warning C4305: '珥덇린??以?: 'double'?먯꽌 'const float'(??濡??섎┰?덈떎. [C:\Users\hyuns\Desktop\project\SpaceBalloon_2.0\spaceballoon_stm32_lora32\test\build_host\test_drivers_runner.vcxproj]
C:\Users\hyuns\Desktop\project\SpaceBalloon_2.0\spaceballoon_stm32_lora32\Core\Drivers\mlx90393\mlx90393_driver.c(10,23): warning C4305: '珥덇린??以?: 'double'?먯꽌 'const float'(??濡??섎┰?덈떎. [C:\Users\hyuns\Desktop\project\SpaceBalloon_2.0\spaceballoon_stm32_lora32\test\build_host\test_drivers_runner.vcxproj]
C:\Users\hyuns\Desktop\project\SpaceBalloon_2.0\spaceballoon_stm32_lora32\Core\Drivers\mlx90393\mlx90393_driver.c(10,30): warning C4305: '珥덇린??以?: 'double'?먯꽌 'const float'(??濡??섎┰?덈떎. [C:\Users\hyuns\Desktop\project\SpaceBalloon_2.0\spaceballoon_stm32_lora32\test\build_host\test_drivers_runner.vcxproj]
C:\Users\hyuns\Desktop\project\SpaceBalloon_2.0\spaceballoon_stm32_lora32\Core\Drivers\mlx90393\mlx90393_driver.c(10,39): warning C4305: '珥덇린??以?: 'double'?먯꽌 'const float'(??濡??섎┰?덈떎. [C:\Users\hyuns\Desktop\project\SpaceBalloon_2.0\spaceballoon_stm32_lora32\test\build_host\test_drivers_runner.vcxproj]
C:\Users\hyuns\Desktop\project\SpaceBalloon_2.0\spaceballoon_stm32_lora32\Core\Drivers\mlx90393\mlx90393_driver.c(10,46): warning C4305: '珥덇린??以?: 'double'?먯꽌 'const float'(??濡??섎┰?덈떎. [C:\Users\hyuns\Desktop\project\SpaceBalloon_2.0\spaceballoon_stm32_lora32\test\build_host\test_drivers_runner.vcxproj]
C:\Users\hyuns\Desktop\project\SpaceBalloon_2.0\spaceballoon_stm32_lora32\Core\Drivers\mlx90393\mlx90393_driver.c(10,55): warning C4305: '珥덇린??以?: 'double'?먯꽌 'const float'(??濡??섎┰?덈떎. [C:\Users\hyuns\Desktop\project\SpaceBalloon_2.0\spaceballoon_stm32_lora32\test\build_host\test_drivers_runner.vcxproj]
C:\Users\hyuns\Desktop\project\SpaceBalloon_2.0\spaceballoon_stm32_lora32\Core\Drivers\mlx90393\mlx90393_driver.c(10,62): warning C4305: '珥덇린??以?: 'double'?먯꽌 'const float'(??濡??섎┰?덈떎. [C:\Users\hyuns\Desktop\project\SpaceBalloon_2.0\spaceballoon_stm32_lora32\test\build_host\test_drivers_runner.vcxproj]
C:\Users\hyuns\Desktop\project\SpaceBalloon_2.0\spaceballoon_stm32_lora32\Core\Drivers\mlx90393\mlx90393_driver.c(11,14): warning C4305: '珥덇린??以?: 'double'?먯꽌 'const float'(??濡??섎┰?덈떎. [C:\Users\hyuns\Desktop\project\SpaceBalloon_2.0\spaceballoon_stm32_lora32\test\build_host\test_drivers_runner.vcxproj]
C:\Users\hyuns\Desktop\project\SpaceBalloon_2.0\spaceballoon_stm32_lora32\Core\Drivers\mlx90393\mlx90393_driver.c(11,23): warning C4305: '珥덇린??以?: 'double'?먯꽌 'const float'(??濡??섎┰?덈떎. [C:\Users\hyuns\Desktop\project\SpaceBalloon_2.0\spaceballoon_stm32_lora32\test\build_host\test_drivers_runner.vcxproj]
C:\Users\hyuns\Desktop\project\SpaceBalloon_2.0\spaceballoon_stm32_lora32\Core\Drivers\mlx90393\mlx90393_driver.c(11,30): warning C4305: '珥덇린??以?: 'double'?먯꽌 'const float'(??濡??섎┰?덈떎. [C:\Users\hyuns\Desktop\project\SpaceBalloon_2.0\spaceballoon_stm32_lora32\test\build_host\test_drivers_runner.vcxproj]
C:\Users\hyuns\Desktop\project\SpaceBalloon_2.0\spaceballoon_stm32_lora32\Core\Drivers\mlx90393\mlx90393_driver.c(11,39): warning C4305: '珥덇린??以?: 'double'?먯꽌 'const float'(??濡??섎┰?덈떎. [C:\Users\hyuns\Desktop\project\SpaceBalloon_2.0\spaceballoon_stm32_lora32\test\build_host\test_drivers_runner.vcxproj]
C:\Users\hyuns\Desktop\project\SpaceBalloon_2.0\spaceballoon_stm32_lora32\Core\Drivers\mlx90393\mlx90393_driver.c(11,46): warning C4305: '珥덇린??以?: 'double'?먯꽌 'const float'(??濡??섎┰?덈떎. [C:\Users\hyuns\Desktop\project\SpaceBalloon_2.0\spaceballoon_stm32_lora32\test\build_host\test_drivers_runner.vcxproj]
C:\Users\hyuns\Desktop\project\SpaceBalloon_2.0\spaceballoon_stm32_lora32\Core\Drivers\mlx90393\mlx90393_driver.c(11,55): warning C4305: '珥덇린??以?: 'double'?먯꽌 'const float'(??濡??섎┰?덈떎. [C:\Users\hyuns\Desktop\project\SpaceBalloon_2.0\spaceballoon_stm32_lora32\test\build_host\test_drivers_runner.vcxproj]
C:\Users\hyuns\Desktop\project\SpaceBalloon_2.0\spaceballoon_stm32_lora32\Core\Drivers\mlx90393\mlx90393_driver.c(11,62): warning C4305: '珥덇린??以?: 'double'?먯꽌 'const float'(??濡??섎┰?덈떎. [C:\Users\hyuns\Desktop\project\SpaceBalloon_2.0\spaceballoon_stm32_lora32\test\build_host\test_drivers_runner.vcxproj]
C:\Users\hyuns\Desktop\project\SpaceBalloon_2.0\spaceballoon_stm32_lora32\Core\Drivers\mlx90393\mlx90393_driver.c(12,7): warning C4305: '珥덇린??以?: 'double'?먯꽌 'const float'(??濡??섎┰?덈떎. [C:\Users\hyuns\Desktop\project\SpaceBalloon_2.0\spaceballoon_stm32_lora32\test\build_host\test_drivers_runner.vcxproj]
C:\Users\hyuns\Desktop\project\SpaceBalloon_2.0\spaceballoon_stm32_lora32\Core\Drivers\mlx90393\mlx90393_driver.c(12,14): warning C4305: '珥덇린??以?: 'double'?먯꽌 'const float'(??濡??섎┰?덈떎. [C:\Users\hyuns\Desktop\project\SpaceBalloon_2.0\spaceballoon_stm32_lora32\test\build_host\test_drivers_runner.vcxproj]
C:\Users\hyuns\Desktop\project\SpaceBalloon_2.0\spaceballoon_stm32_lora32\Core\Drivers\mlx90393\mlx90393_driver.c(12,23): warning C4305: '珥덇린??以?: 'double'?먯꽌 'const float'(??濡??섎┰?덈떎. [C:\Users\hyuns\Desktop\project\SpaceBalloon_2.0\spaceballoon_stm32_lora32\test\build_host\test_drivers_runner.vcxproj]
C:\Users\hyuns\Desktop\project\SpaceBalloon_2.0\spaceballoon_stm32_lora32\Core\Drivers\mlx90393\mlx90393_driver.c(12,30): warning C4305: '珥덇린??以?: 'double'?먯꽌 'const float'(??濡??섎┰?덈떎. [C:\Users\hyuns\Desktop\project\SpaceBalloon_2.0\spaceballoon_stm32_lora32\test\build_host\test_drivers_runner.vcxproj]
C:\Users\hyuns\Desktop\project\SpaceBalloon_2.0\spaceballoon_stm32_lora32\Core\Drivers\mlx90393\mlx90393_driver.c(12,39): warning C4305: '珥덇린??以?: 'double'?먯꽌 'const float'(??濡??섎┰?덈떎. [C:\Users\hyuns\Desktop\project\SpaceBalloon_2.0\spaceballoon_stm32_lora32\test\build_host\test_drivers_runner.vcxproj]
C:\Users\hyuns\Desktop\project\SpaceBalloon_2.0\spaceballoon_stm32_lora32\Core\Drivers\mlx90393\mlx90393_driver.c(12,46): warning C4305: '珥덇린??以?: 'double'?먯꽌 'const float'(??濡??섎┰?덈떎. [C:\Users\hyuns\Desktop\project\SpaceBalloon_2.0\spaceballoon_stm32_lora32\test\build_host\test_drivers_runner.vcxproj]
C:\Users\hyuns\Desktop\project\SpaceBalloon_2.0\spaceballoon_stm32_lora32\Core\Drivers\mlx90393\mlx90393_driver.c(12,55): warning C4305: '珥덇린??以?: 'double'?먯꽌 'const float'(??濡??섎┰?덈떎. [C:\Users\hyuns\Desktop\project\SpaceBalloon_2.0\spaceballoon_stm32_lora32\test\build_host\test_drivers_runner.vcxproj]
C:\Users\hyuns\Desktop\project\SpaceBalloon_2.0\spaceballoon_stm32_lora32\Core\Drivers\mlx90393\mlx90393_driver.c(12,62): warning C4305: '珥덇린??以?: 'double'?먯꽌 'const float'(??濡??섎┰?덈떎. [C:\Users\hyuns\Desktop\project\SpaceBalloon_2.0\spaceballoon_stm32_lora32\test\build_host\test_drivers_runner.vcxproj]
C:\Users\hyuns\Desktop\project\SpaceBalloon_2.0\spaceballoon_stm32_lora32\Core\Drivers\mlx90393\mlx90393_driver.c(13,7): warning C4305: '珥덇린??以?: 'double'?먯꽌 'const float'(??濡??섎┰?덈떎. [C:\Users\hyuns\Desktop\project\SpaceBalloon_2.0\spaceballoon_stm32_lora32\test\build_host\test_drivers_runner.vcxproj]
C:\Users\hyuns\Desktop\project\SpaceBalloon_2.0\spaceballoon_stm32_lora32\Core\Drivers\mlx90393\mlx90393_driver.c(13,14): warning C4305: '珥덇린??以?: 'double'?먯꽌 'const float'(??濡??섎┰?덈떎. [C:\Users\hyuns\Desktop\project\SpaceBalloon_2.0\spaceballoon_stm32_lora32\test\build_host\test_drivers_runner.vcxproj]
C:\Users\hyuns\Desktop\project\SpaceBalloon_2.0\spaceballoon_stm32_lora32\Core\Drivers\mlx90393\mlx90393_driver.c(13,23): warning C4305: '珥덇린??以?: 'double'?먯꽌 'const float'(??濡??섎┰?덈떎. [C:\Users\hyuns\Desktop\project\SpaceBalloon_2.0\spaceballoon_stm32_lora32\test\build_host\test_drivers_runner.vcxproj]
C:\Users\hyuns\Desktop\project\SpaceBalloon_2.0\spaceballoon_stm32_lora32\Core\Drivers\mlx90393\mlx90393_driver.c(13,30): warning C4305: '珥덇린??以?: 'double'?먯꽌 'const float'(??濡??섎┰?덈떎. [C:\Users\hyuns\Desktop\project\SpaceBalloon_2.0\spaceballoon_stm32_lora32\test\build_host\test_drivers_runner.vcxproj]
C:\Users\hyuns\Desktop\project\SpaceBalloon_2.0\spaceballoon_stm32_lora32\Core\Drivers\mlx90393\mlx90393_driver.c(13,39): warning C4305: '珥덇린??以?: 'double'?먯꽌 'const float'(??濡??섎┰?덈떎. [C:\Users\hyuns\Desktop\project\SpaceBalloon_2.0\spaceballoon_stm32_lora32\test\build_host\test_drivers_runner.vcxproj]
C:\Users\hyuns\Desktop\project\SpaceBalloon_2.0\spaceballoon_stm32_lora32\Core\Drivers\mlx90393\mlx90393_driver.c(13,46): warning C4305: '珥덇린??以?: 'double'?먯꽌 'const float'(??濡??섎┰?덈떎. [C:\Users\hyuns\Desktop\project\SpaceBalloon_2.0\spaceballoon_stm32_lora32\test\build_host\test_drivers_runner.vcxproj]
C:\Users\hyuns\Desktop\project\SpaceBalloon_2.0\spaceballoon_stm32_lora32\Core\Drivers\mlx90393\mlx90393_driver.c(13,55): warning C4305: '珥덇린??以?: 'double'?먯꽌 'const float'(??濡??섎┰?덈떎. [C:\Users\hyuns\Desktop\project\SpaceBalloon_2.0\spaceballoon_stm32_lora32\test\build_host\test_drivers_runner.vcxproj]
C:\Users\hyuns\Desktop\project\SpaceBalloon_2.0\spaceballoon_stm32_lora32\Core\Drivers\mlx90393\mlx90393_driver.c(13,62): warning C4305: '珥덇린??以?: 'double'?먯꽌 'const float'(??濡??섎┰?덈떎. [C:\Users\hyuns\Desktop\project\SpaceBalloon_2.0\spaceballoon_stm32_lora32\test\build_host\test_drivers_runner.vcxproj]
C:\Users\hyuns\Desktop\project\SpaceBalloon_2.0\spaceballoon_stm32_lora32\Core\Drivers\mlx90393\mlx90393_driver.c(25,13): warning C4101: 'status' :李몄“?섏? ?딆? 吏??蹂?섏엯?덈떎. [C:\Users\hyuns\Desktop\project\SpaceBalloon_2.0\spaceballoon_stm32_lora32\test\build_host\test_drivers_runner.vcxproj]
C:\Users\hyuns\Desktop\project\SpaceBalloon_2.0\spaceballoon_stm32_lora32\Core\Drivers\xa1110\xa1110_driver.c(12,48): warning C4267: '?⑥닔': 'size_t'?먯꽌 'uint16_t'(??濡?蹂?섑븯硫댁꽌 ?곗씠?곌? ?먯떎?????덉뒿?덈떎. [C:\Users\hyuns\Desktop\project\SpaceBalloon_2.0\spaceballoon_stm32_lora32\test\build_host\test_drivers_runner.vcxproj]
  minmea.c
  gdk101_driver.c
  ms5611_driver.c
  sht31_driver.c
  pms3003_driver.c
  sen0321_driver.c
  mcp9600_driver.c
  cm1107n_driver.c
  ds18b20_driver.c
  ds18b20.c
C:\Users\hyuns\Desktop\project\SpaceBalloon_2.0\spaceballoon_stm32_lora32\Core\Drivers\ds18b20\ds18b20.c(201,64): warning C4244: '=': 'double'?먯꽌 'float'(??濡?蹂?섑븯硫댁꽌 ?곗씠?곌? ?먯떎?????덉뒿?덈떎. [C:\Users\hyuns\Desktop\project\SpaceBalloon_2.0\spaceballoon_stm32_lora32\test\build_host\test_drivers_runner.vcxproj]
C:\Users\hyuns\Desktop\project\SpaceBalloon_2.0\spaceballoon_stm32_lora32\Core\Drivers\ds18b20\ds18b20.c(179,17): warning C4101: 'i' :李몄“?섏? ?딆? 吏??蹂?섏엯?덈떎. [C:\Users\hyuns\Desktop\project\SpaceBalloon_2.0\spaceballoon_stm32_lora32\test\build_host\test_drivers_runner.vcxproj]
  ownet.c
  owhal_mock.c
  crcutil.c
  肄붾뱶瑜??앹꽦?섍퀬 ?덉뒿?덈떎...
  而댄뙆?쇳븯怨??덉뒿?덈떎...
  unity.c
  肄붾뱶瑜??앹꽦?섍퀬 ?덉뒿?덈떎...
Link:
  C:\Program Files (x86)\Microsoft Visual Studio\2022\BuildTools\VC\Tools\MSVC\14.44.35207\bin\HostX64\x64\link.exe /OUT:"C:\Users\hyuns\Desktop\project\SpaceBalloon_2.0\spaceballoon_stm32_lora32\test\build_host\Debug\test_drivers_runner.exe" /INCREMENTAL /ILK:"test_drivers_runner.dir\Debug\test_drivers_runner.ilk" /NOLOGO kernel32.lib user32.lib gdi32.lib winspool.lib shell32.lib ole32.lib oleaut32.lib uuid.lib comdlg32.lib advapi32.lib /MANIFEST /MANIFESTUAC:"level='asInvoker' uiAccess='false'" /manifest:embed /DEBUG /PDB:"C:/Users/hyuns/Desktop/project/SpaceBalloon_2.0/spaceballoon_stm32_lora32/test/build_host/Debug/test_drivers_runner.pdb" /SUBSYSTEM:CONSOLE /TLBID:1 /IMPLIB:"C:/Users/hyuns/Desktop/project/SpaceBalloon_2.0/spaceballoon_stm32_lora32/test/build_host/Debug/test_drivers_runner.lib" /MACHINE:X64  /machine:x64 test_drivers_runner.dir\Debug\test_main.obj
  test_drivers_runner.dir\Debug\mock_hal.obj
  test_drivers_runner.dir\Debug\sensors_copy.obj
  test_drivers_runner.dir\Debug\fdir.obj
  test_drivers_runner.dir\Debug\mock_lsm6dsv16x.obj
  test_drivers_runner.dir\Debug\mlx90393_driver.obj
  test_drivers_runner.dir\Debug\xa1110_driver.obj
  test_drivers_runner.dir\Debug\minmea.obj
  test_drivers_runner.dir\Debug\gdk101_driver.obj
  test_drivers_runner.dir\Debug\ms5611_driver.obj
  test_drivers_runner.dir\Debug\sht31_driver.obj
  test_drivers_runner.dir\Debug\pms3003_driver.obj
  test_drivers_runner.dir\Debug\sen0321_driver.obj
  test_drivers_runner.dir\Debug\mcp9600_driver.obj
  test_drivers_runner.dir\Debug\cm1107n_driver.obj
  test_drivers_runner.dir\Debug\ds18b20_driver.obj
  test_drivers_runner.dir\Debug\ds18b20.obj
  test_drivers_runner.dir\Debug\ownet.obj
  test_drivers_runner.dir\Debug\owhal_mock.obj
  test_drivers_runner.dir\Debug\crcutil.obj
  test_drivers_runner.dir\Debug\unity.obj
  test_drivers_runner.vcxproj -> C:\Users\hyuns\Desktop\project\SpaceBalloon_2.0\spaceballoon_stm32_lora32\test\build_host\Debug\test_drivers_runner.exe
FinalizeBuildStatus:
  "test_drivers_runner.dir\Debug\test_dri.5434C82A.tlog\unsuccessfulbuild" ?뚯씪????젣?섍퀬 ?덉뒿?덈떎.
  "test_drivers_runner.dir\Debug\test_dri.5434C82A.tlog\test_drivers_runner.lastbuildstate"???곌껐(touching)?섍퀬 ?덉뒿?덈떎.
"C:\Users\hyuns\Desktop\project\SpaceBalloon_2.0\spaceballoon_stm32_lora32\test\build_host\test_drivers_runner.vcxproj" ?꾨줈?앺듃瑜?鍮뚮뱶?덉뒿?덈떎(湲곕낯 ???.

鍮뚮뱶?덉뒿?덈떎.

"C:\Users\hyuns\Desktop\project\SpaceBalloon_2.0\spaceballoon_stm32_lora32\test\build_host\test_drivers_runner.vcxproj"(湲곕낯 ???(1)->
(ClCompile ??? -> 
  C:\Users\hyuns\Desktop\project\SpaceBalloon_2.0\spaceballoon_stm32_lora32\Core\Src\fdir.c(1,1): warning C4819: ?꾩옱 肄붾뱶 ?섏씠吏(949)?먯꽌 ?쒖떆?????녿뒗 臾몄옄媛 ?뚯씪???ㅼ뼱 ?덉뒿?덈떎. ?곗씠?곌? ?먯떎?섏? ?딄쾶 ?섎젮硫??대떦 ?뚯씪???좊땲肄붾뱶 ?뺤떇?쇰줈 ??ν븯??떆?? [C:\Users\hyuns\Desktop\project\SpaceBalloon_2.0\spaceballoon_stm32_lora32\test\build_host\test_drivers_runner.vcxproj]
  C:\Users\hyuns\Desktop\project\SpaceBalloon_2.0\spaceballoon_stm32_lora32\Core\Drivers\mlx90393\mlx90393_driver.c(6,7): warning C4305: '珥덇린??以?: 'double'?먯꽌 'const float'(??濡??섎┰?덈떎. [C:\Users\hyuns\Desktop\project\SpaceBalloon_2.0\spaceballoon_stm32_lora32\test\build_host\test_drivers_runner.vcxproj]
  C:\Users\hyuns\Desktop\project\SpaceBalloon_2.0\spaceballoon_stm32_lora32\Core\Drivers\mlx90393\mlx90393_driver.c(6,14): warning C4305: '珥덇린??以?: 'double'?먯꽌 'const float'(??濡??섎┰?덈떎. [C:\Users\hyuns\Desktop\project\SpaceBalloon_2.0\spaceballoon_stm32_lora32\test\build_host\test_drivers_runner.vcxproj]
  C:\Users\hyuns\Desktop\project\SpaceBalloon_2.0\spaceballoon_stm32_lora32\Core\Drivers\mlx90393\mlx90393_driver.c(6,23): warning C4305: '珥덇린??以?: 'double'?먯꽌 'const float'(??濡??섎┰?덈떎. [C:\Users\hyuns\Desktop\project\SpaceBalloon_2.0\spaceballoon_stm32_lora32\test\build_host\test_drivers_runner.vcxproj]
  C:\Users\hyuns\Desktop\project\SpaceBalloon_2.0\spaceballoon_stm32_lora32\Core\Drivers\mlx90393\mlx90393_driver.c(6,30): warning C4305: '珥덇린??以?: 'double'?먯꽌 'const float'(??濡??섎┰?덈떎. [C:\Users\hyuns\Desktop\project\SpaceBalloon_2.0\spaceballoon_stm32_lora32\test\build_host\test_drivers_runner.vcxproj]
  C:\Users\hyuns\Desktop\project\SpaceBalloon_2.0\spaceballoon_stm32_lora32\Core\Drivers\mlx90393\mlx90393_driver.c(6,39): warning C4305: '珥덇린??以?: 'double'?먯꽌 'const float'(??濡??섎┰?덈떎. [C:\Users\hyuns\Desktop\project\SpaceBalloon_2.0\spaceballoon_stm32_lora32\test\build_host\test_drivers_runner.vcxproj]
  C:\Users\hyuns\Desktop\project\SpaceBalloon_2.0\spaceballoon_stm32_lora32\Core\Drivers\mlx90393\mlx90393_driver.c(6,46): warning C4305: '珥덇린??以?: 'double'?먯꽌 'const float'(??濡??섎┰?덈떎. [C:\Users\hyuns\Desktop\project\SpaceBalloon_2.0\spaceballoon_stm32_lora32\test\build_host\test_drivers_runner.vcxproj]
  C:\Users\hyuns\Desktop\project\SpaceBalloon_2.0\spaceballoon_stm32_lora32\Core\Drivers\mlx90393\mlx90393_driver.c(6,55): warning C4305: '珥덇린??以?: 'double'?먯꽌 'const float'(??濡??섎┰?덈떎. [C:\Users\hyuns\Desktop\project\SpaceBalloon_2.0\spaceballoon_stm32_lora32\test\build_host\test_drivers_runner.vcxproj]
  C:\Users\hyuns\Desktop\project\SpaceBalloon_2.0\spaceballoon_stm32_lora32\Core\Drivers\mlx90393\mlx90393_driver.c(6,62): warning C4305: '珥덇린??以?: 'double'?먯꽌 'const float'(??濡??섎┰?덈떎. [C:\Users\hyuns\Desktop\project\SpaceBalloon_2.0\spaceballoon_stm32_lora32\test\build_host\test_drivers_runner.vcxproj]
  C:\Users\hyuns\Desktop\project\SpaceBalloon_2.0\spaceballoon_stm32_lora32\Core\Drivers\mlx90393\mlx90393_driver.c(7,7): warning C4305: '珥덇린??以?: 'double'?먯꽌 'const float'(??濡??섎┰?덈떎. [C:\Users\hyuns\Desktop\project\SpaceBalloon_2.0\spaceballoon_stm32_lora32\test\build_host\test_drivers_runner.vcxproj]
  C:\Users\hyuns\Desktop\project\SpaceBalloon_2.0\spaceballoon_stm32_lora32\Core\Drivers\mlx90393\mlx90393_driver.c(7,14): warning C4305: '珥덇린??以?: 'double'?먯꽌 'const float'(??濡??섎┰?덈떎. [C:\Users\hyuns\Desktop\project\SpaceBalloon_2.0\spaceballoon_stm32_lora32\test\build_host\test_drivers_runner.vcxproj]
  C:\Users\hyuns\Desktop\project\SpaceBalloon_2.0\spaceballoon_stm32_lora32\Core\Drivers\mlx90393\mlx90393_driver.c(7,23): warning C4305: '珥덇린??以?: 'double'?먯꽌 'const float'(??濡??섎┰?덈떎. [C:\Users\hyuns\Desktop\project\SpaceBalloon_2.0\spaceballoon_stm32_lora32\test\build_host\test_drivers_runner.vcxproj]
  C:\Users\hyuns\Desktop\project\SpaceBalloon_2.0\spaceballoon_stm32_lora32\Core\Drivers\mlx90393\mlx90393_driver.c(7,30): warning C4305: '珥덇린??以?: 'double'?먯꽌 'const float'(??濡??섎┰?덈떎. [C:\Users\hyuns\Desktop\project\SpaceBalloon_2.0\spaceballoon_stm32_lora32\test\build_host\test_drivers_runner.vcxproj]
  C:\Users\hyuns\Desktop\project\SpaceBalloon_2.0\spaceballoon_stm32_lora32\Core\Drivers\mlx90393\mlx90393_driver.c(7,39): warning C4305: '珥덇린??以?: 'double'?먯꽌 'const float'(??濡??섎┰?덈떎. [C:\Users\hyuns\Desktop\project\SpaceBalloon_2.0\spaceballoon_stm32_lora32\test\build_host\test_drivers_runner.vcxproj]
  C:\Users\hyuns\Desktop\project\SpaceBalloon_2.0\spaceballoon_stm32_lora32\Core\Drivers\mlx90393\mlx90393_driver.c(7,46): warning C4305: '珥덇린??以?: 'double'?먯꽌 'const float'(??濡??섎┰?덈떎. [C:\Users\hyuns\Desktop\project\SpaceBalloon_2.0\spaceballoon_stm32_lora32\test\build_host\test_drivers_runner.vcxproj]
  C:\Users\hyuns\Desktop\project\SpaceBalloon_2.0\spaceballoon_stm32_lora32\Core\Drivers\mlx90393\mlx90393_driver.c(7,55): warning C4305: '珥덇린??以?: 'double'?먯꽌 'const float'(??濡??섎┰?덈떎. [C:\Users\hyuns\Desktop\project\SpaceBalloon_2.0\spaceballoon_stm32_lora32\test\build_host\test_drivers_runner.vcxproj]
  C:\Users\hyuns\Desktop\project\SpaceBalloon_2.0\spaceballoon_stm32_lora32\Core\Drivers\mlx90393\mlx90393_driver.c(7,62): warning C4305: '珥덇린??以?: 'double'?먯꽌 'const float'(??濡??섎┰?덈떎. [C:\Users\hyuns\Desktop\project\SpaceBalloon_2.0\spaceballoon_stm32_lora32\test\build_host\test_drivers_runner.vcxproj]
  C:\Users\hyuns\Desktop\project\SpaceBalloon_2.0\spaceballoon_stm32_lora32\Core\Drivers\mlx90393\mlx90393_driver.c(8,7): warning C4305: '珥덇린??以?: 'double'?먯꽌 'const float'(??濡??섎┰?덈떎. [C:\Users\hyuns\Desktop\project\SpaceBalloon_2.0\spaceballoon_stm32_lora32\test\build_host\test_drivers_runner.vcxproj]
  C:\Users\hyuns\Desktop\project\SpaceBalloon_2.0\spaceballoon_stm32_lora32\Core\Drivers\mlx90393\mlx90393_driver.c(8,14): warning C4305: '珥덇린??以?: 'double'?먯꽌 'const float'(??濡??섎┰?덈떎. [C:\Users\hyuns\Desktop\project\SpaceBalloon_2.0\spaceballoon_stm32_lora32\test\build_host\test_drivers_runner.vcxproj]
  C:\Users\hyuns\Desktop\project\SpaceBalloon_2.0\spaceballoon_stm32_lora32\Core\Drivers\mlx90393\mlx90393_driver.c(8,23): warning C4305: '珥덇린??以?: 'double'?먯꽌 'const float'(??濡??섎┰?덈떎. [C:\Users\hyuns\Desktop\project\SpaceBalloon_2.0\spaceballoon_stm32_lora32\test\build_host\test_drivers_runner.vcxproj]
  C:\Users\hyuns\Desktop\project\SpaceBalloon_2.0\spaceballoon_stm32_lora32\Core\Drivers\mlx90393\mlx90393_driver.c(8,30): warning C4305: '珥덇린??以?: 'double'?먯꽌 'const float'(??濡??섎┰?덈떎. [C:\Users\hyuns\Desktop\project\SpaceBalloon_2.0\spaceballoon_stm32_lora32\test\build_host\test_drivers_runner.vcxproj]
  C:\Users\hyuns\Desktop\project\SpaceBalloon_2.0\spaceballoon_stm32_lora32\Core\Drivers\mlx90393\mlx90393_driver.c(8,39): warning C4305: '珥덇린??以?: 'double'?먯꽌 'const float'(??濡??섎┰?덈떎. [C:\Users\hyuns\Desktop\project\SpaceBalloon_2.0\spaceballoon_stm32_lora32\test\build_host\test_drivers_runner.vcxproj]
  C:\Users\hyuns\Desktop\project\SpaceBalloon_2.0\spaceballoon_stm32_lora32\Core\Drivers\mlx90393\mlx90393_driver.c(8,46): warning C4305: '珥덇린??以?: 'double'?먯꽌 'const float'(??濡??섎┰?덈떎. [C:\Users\hyuns\Desktop\project\SpaceBalloon_2.0\spaceballoon_stm32_lora32\test\build_host\test_drivers_runner.vcxproj]
  C:\Users\hyuns\Desktop\project\SpaceBalloon_2.0\spaceballoon_stm32_lora32\Core\Drivers\mlx90393\mlx90393_driver.c(8,55): warning C4305: '珥덇린??以?: 'double'?먯꽌 'const float'(??濡??섎┰?덈떎. [C:\Users\hyuns\Desktop\project\SpaceBalloon_2.0\spaceballoon_stm32_lora32\test\build_host\test_drivers_runner.vcxproj]
  C:\Users\hyuns\Desktop\project\SpaceBalloon_2.0\spaceballoon_stm32_lora32\Core\Drivers\mlx90393\mlx90393_driver.c(8,62): warning C4305: '珥덇린??以?: 'double'?먯꽌 'const float'(??濡??섎┰?덈떎. [C:\Users\hyuns\Desktop\project\SpaceBalloon_2.0\spaceballoon_stm32_lora32\test\build_host\test_drivers_runner.vcxproj]
  C:\Users\hyuns\Desktop\project\SpaceBalloon_2.0\spaceballoon_stm32_lora32\Core\Drivers\mlx90393\mlx90393_driver.c(9,7): warning C4305: '珥덇린??以?: 'double'?먯꽌 'const float'(??濡??섎┰?덈떎. [C:\Users\hyuns\Desktop\project\SpaceBalloon_2.0\spaceballoon_stm32_lora32\test\build_host\test_drivers_runner.vcxproj]
  C:\Users\hyuns\Desktop\project\SpaceBalloon_2.0\spaceballoon_stm32_lora32\Core\Drivers\mlx90393\mlx90393_driver.c(9,14): warning C4305: '珥덇린??以?: 'double'?먯꽌 'const float'(??濡??섎┰?덈떎. [C:\Users\hyuns\Desktop\project\SpaceBalloon_2.0\spaceballoon_stm32_lora32\test\build_host\test_drivers_runner.vcxproj]
  C:\Users\hyuns\Desktop\project\SpaceBalloon_2.0\spaceballoon_stm32_lora32\Core\Drivers\mlx90393\mlx90393_driver.c(9,23): warning C4305: '珥덇린??以?: 'double'?먯꽌 'const float'(??濡??섎┰?덈떎. [C:\Users\hyuns\Desktop\project\SpaceBalloon_2.0\spaceballoon_stm32_lora32\test\build_host\test_drivers_runner.vcxproj]
  C:\Users\hyuns\Desktop\project\SpaceBalloon_2.0\spaceballoon_stm32_lora32\Core\Drivers\mlx90393\mlx90393_driver.c(9,30): warning C4305: '珥덇린??以?: 'double'?먯꽌 'const float'(??濡??섎┰?덈떎. [C:\Users\hyuns\Desktop\project\SpaceBalloon_2.0\spaceballoon_stm32_lora32\test\build_host\test_drivers_runner.vcxproj]
  C:\Users\hyuns\Desktop\project\SpaceBalloon_2.0\spaceballoon_stm32_lora32\Core\Drivers\mlx90393\mlx90393_driver.c(9,39): warning C4305: '珥덇린??以?: 'double'?먯꽌 'const float'(??濡??섎┰?덈떎. [C:\Users\hyuns\Desktop\project\SpaceBalloon_2.0\spaceballoon_stm32_lora32\test\build_host\test_drivers_runner.vcxproj]
  C:\Users\hyuns\Desktop\project\SpaceBalloon_2.0\spaceballoon_stm32_lora32\Core\Drivers\mlx90393\mlx90393_driver.c(9,46): warning C4305: '珥덇린??以?: 'double'?먯꽌 'const float'(??濡??섎┰?덈떎. [C:\Users\hyuns\Desktop\project\SpaceBalloon_2.0\spaceballoon_stm32_lora32\test\build_host\test_drivers_runner.vcxproj]
  C:\Users\hyuns\Desktop\project\SpaceBalloon_2.0\spaceballoon_stm32_lora32\Core\Drivers\mlx90393\mlx90393_driver.c(9,55): warning C4305: '珥덇린??以?: 'double'?먯꽌 'const float'(??濡??섎┰?덈떎. [C:\Users\hyuns\Desktop\project\SpaceBalloon_2.0\spaceballoon_stm32_lora32\test\build_host\test_drivers_runner.vcxproj]
  C:\Users\hyuns\Desktop\project\SpaceBalloon_2.0\spaceballoon_stm32_lora32\Core\Drivers\mlx90393\mlx90393_driver.c(9,62): warning C4305: '珥덇린??以?: 'double'?먯꽌 'const float'(??濡??섎┰?덈떎. [C:\Users\hyuns\Desktop\project\SpaceBalloon_2.0\spaceballoon_stm32_lora32\test\build_host\test_drivers_runner.vcxproj]
  C:\Users\hyuns\Desktop\project\SpaceBalloon_2.0\spaceballoon_stm32_lora32\Core\Drivers\mlx90393\mlx90393_driver.c(10,7): warning C4305: '珥덇린??以?: 'double'?먯꽌 'const float'(??濡??섎┰?덈떎. [C:\Users\hyuns\Desktop\project\SpaceBalloon_2.0\spaceballoon_stm32_lora32\test\build_host\test_drivers_runner.vcxproj]
  C:\Users\hyuns\Desktop\project\SpaceBalloon_2.0\spaceballoon_stm32_lora32\Core\Drivers\mlx90393\mlx90393_driver.c(10,14): warning C4305: '珥덇린??以?: 'double'?먯꽌 'const float'(??濡??섎┰?덈떎. [C:\Users\hyuns\Desktop\project\SpaceBalloon_2.0\spaceballoon_stm32_lora32\test\build_host\test_drivers_runner.vcxproj]
  C:\Users\hyuns\Desktop\project\SpaceBalloon_2.0\spaceballoon_stm32_lora32\Core\Drivers\mlx90393\mlx90393_driver.c(10,23): warning C4305: '珥덇린??以?: 'double'?먯꽌 'const float'(??濡??섎┰?덈떎. [C:\Users\hyuns\Desktop\project\SpaceBalloon_2.0\spaceballoon_stm32_lora32\test\build_host\test_drivers_runner.vcxproj]
  C:\Users\hyuns\Desktop\project\SpaceBalloon_2.0\spaceballoon_stm32_lora32\Core\Drivers\mlx90393\mlx90393_driver.c(10,30): warning C4305: '珥덇린??以?: 'double'?먯꽌 'const float'(??濡??섎┰?덈떎. [C:\Users\hyuns\Desktop\project\SpaceBalloon_2.0\spaceballoon_stm32_lora32\test\build_host\test_drivers_runner.vcxproj]
  C:\Users\hyuns\Desktop\project\SpaceBalloon_2.0\spaceballoon_stm32_lora32\Core\Drivers\mlx90393\mlx90393_driver.c(10,39): warning C4305: '珥덇린??以?: 'double'?먯꽌 'const float'(??濡??섎┰?덈떎. [C:\Users\hyuns\Desktop\project\SpaceBalloon_2.0\spaceballoon_stm32_lora32\test\build_host\test_drivers_runner.vcxproj]
  C:\Users\hyuns\Desktop\project\SpaceBalloon_2.0\spaceballoon_stm32_lora32\Core\Drivers\mlx90393\mlx90393_driver.c(10,46): warning C4305: '珥덇린??以?: 'double'?먯꽌 'const float'(??濡??섎┰?덈떎. [C:\Users\hyuns\Desktop\project\SpaceBalloon_2.0\spaceballoon_stm32_lora32\test\build_host\test_drivers_runner.vcxproj]
  C:\Users\hyuns\Desktop\project\SpaceBalloon_2.0\spaceballoon_stm32_lora32\Core\Drivers\mlx90393\mlx90393_driver.c(10,55): warning C4305: '珥덇린??以?: 'double'?먯꽌 'const float'(??濡??섎┰?덈떎. [C:\Users\hyuns\Desktop\project\SpaceBalloon_2.0\spaceballoon_stm32_lora32\test\build_host\test_drivers_runner.vcxproj]
  C:\Users\hyuns\Desktop\project\SpaceBalloon_2.0\spaceballoon_stm32_lora32\Core\Drivers\mlx90393\mlx90393_driver.c(10,62): warning C4305: '珥덇린??以?: 'double'?먯꽌 'const float'(??濡??섎┰?덈떎. [C:\Users\hyuns\Desktop\project\SpaceBalloon_2.0\spaceballoon_stm32_lora32\test\build_host\test_drivers_runner.vcxproj]
  C:\Users\hyuns\Desktop\project\SpaceBalloon_2.0\spaceballoon_stm32_lora32\Core\Drivers\mlx90393\mlx90393_driver.c(11,14): warning C4305: '珥덇린??以?: 'double'?먯꽌 'const float'(??濡??섎┰?덈떎. [C:\Users\hyuns\Desktop\project\SpaceBalloon_2.0\spaceballoon_stm32_lora32\test\build_host\test_drivers_runner.vcxproj]
  C:\Users\hyuns\Desktop\project\SpaceBalloon_2.0\spaceballoon_stm32_lora32\Core\Drivers\mlx90393\mlx90393_driver.c(11,23): warning C4305: '珥덇린??以?: 'double'?먯꽌 'const float'(??濡??섎┰?덈떎. [C:\Users\hyuns\Desktop\project\SpaceBalloon_2.0\spaceballoon_stm32_lora32\test\build_host\test_drivers_runner.vcxproj]
  C:\Users\hyuns\Desktop\project\SpaceBalloon_2.0\spaceballoon_stm32_lora32\Core\Drivers\mlx90393\mlx90393_driver.c(11,30): warning C4305: '珥덇린??以?: 'double'?먯꽌 'const float'(??濡??섎┰?덈떎. [C:\Users\hyuns\Desktop\project\SpaceBalloon_2.0\spaceballoon_stm32_lora32\test\build_host\test_drivers_runner.vcxproj]
  C:\Users\hyuns\Desktop\project\SpaceBalloon_2.0\spaceballoon_stm32_lora32\Core\Drivers\mlx90393\mlx90393_driver.c(11,39): warning C4305: '珥덇린??以?: 'double'?먯꽌 'const float'(??濡??섎┰?덈떎. [C:\Users\hyuns\Desktop\project\SpaceBalloon_2.0\spaceballoon_stm32_lora32\test\build_host\test_drivers_runner.vcxproj]
  C:\Users\hyuns\Desktop\project\SpaceBalloon_2.0\spaceballoon_stm32_lora32\Core\Drivers\mlx90393\mlx90393_driver.c(11,46): warning C4305: '珥덇린??以?: 'double'?먯꽌 'const float'(??濡??섎┰?덈떎. [C:\Users\hyuns\Desktop\project\SpaceBalloon_2.0\spaceballoon_stm32_lora32\test\build_host\test_drivers_runner.vcxproj]
  C:\Users\hyuns\Desktop\project\SpaceBalloon_2.0\spaceballoon_stm32_lora32\Core\Drivers\mlx90393\mlx90393_driver.c(11,55): warning C4305: '珥덇린??以?: 'double'?먯꽌 'const float'(??濡??섎┰?덈떎. [C:\Users\hyuns\Desktop\project\SpaceBalloon_2.0\spaceballoon_stm32_lora32\test\build_host\test_drivers_runner.vcxproj]
  C:\Users\hyuns\Desktop\project\SpaceBalloon_2.0\spaceballoon_stm32_lora32\Core\Drivers\mlx90393\mlx90393_driver.c(11,62): warning C4305: '珥덇린??以?: 'double'?먯꽌 'const float'(??濡??섎┰?덈떎. [C:\Users\hyuns\Desktop\project\SpaceBalloon_2.0\spaceballoon_stm32_lora32\test\build_host\test_drivers_runner.vcxproj]
  C:\Users\hyuns\Desktop\project\SpaceBalloon_2.0\spaceballoon_stm32_lora32\Core\Drivers\mlx90393\mlx90393_driver.c(12,7): warning C4305: '珥덇린??以?: 'double'?먯꽌 'const float'(??濡??섎┰?덈떎. [C:\Users\hyuns\Desktop\project\SpaceBalloon_2.0\spaceballoon_stm32_lora32\test\build_host\test_drivers_runner.vcxproj]
  C:\Users\hyuns\Desktop\project\SpaceBalloon_2.0\spaceballoon_stm32_lora32\Core\Drivers\mlx90393\mlx90393_driver.c(12,14): warning C4305: '珥덇린??以?: 'double'?먯꽌 'const float'(??濡??섎┰?덈떎. [C:\Users\hyuns\Desktop\project\SpaceBalloon_2.0\spaceballoon_stm32_lora32\test\build_host\test_drivers_runner.vcxproj]
  C:\Users\hyuns\Desktop\project\SpaceBalloon_2.0\spaceballoon_stm32_lora32\Core\Drivers\mlx90393\mlx90393_driver.c(12,23): warning C4305: '珥덇린??以?: 'double'?먯꽌 'const float'(??濡??섎┰?덈떎. [C:\Users\hyuns\Desktop\project\SpaceBalloon_2.0\spaceballoon_stm32_lora32\test\build_host\test_drivers_runner.vcxproj]
  C:\Users\hyuns\Desktop\project\SpaceBalloon_2.0\spaceballoon_stm32_lora32\Core\Drivers\mlx90393\mlx90393_driver.c(12,30): warning C4305: '珥덇린??以?: 'double'?먯꽌 'const float'(??濡??섎┰?덈떎. [C:\Users\hyuns\Desktop\project\SpaceBalloon_2.0\spaceballoon_stm32_lora32\test\build_host\test_drivers_runner.vcxproj]
  C:\Users\hyuns\Desktop\project\SpaceBalloon_2.0\spaceballoon_stm32_lora32\Core\Drivers\mlx90393\mlx90393_driver.c(12,39): warning C4305: '珥덇린??以?: 'double'?먯꽌 'const float'(??濡??섎┰?덈떎. [C:\Users\hyuns\Desktop\project\SpaceBalloon_2.0\spaceballoon_stm32_lora32\test\build_host\test_drivers_runner.vcxproj]
  C:\Users\hyuns\Desktop\project\SpaceBalloon_2.0\spaceballoon_stm32_lora32\Core\Drivers\mlx90393\mlx90393_driver.c(12,46): warning C4305: '珥덇린??以?: 'double'?먯꽌 'const float'(??濡??섎┰?덈떎. [C:\Users\hyuns\Desktop\project\SpaceBalloon_2.0\spaceballoon_stm32_lora32\test\build_host\test_drivers_runner.vcxproj]
  C:\Users\hyuns\Desktop\project\SpaceBalloon_2.0\spaceballoon_stm32_lora32\Core\Drivers\mlx90393\mlx90393_driver.c(12,55): warning C4305: '珥덇린??以?: 'double'?먯꽌 'const float'(??濡??섎┰?덈떎. [C:\Users\hyuns\Desktop\project\SpaceBalloon_2.0\spaceballoon_stm32_lora32\test\build_host\test_drivers_runner.vcxproj]
  C:\Users\hyuns\Desktop\project\SpaceBalloon_2.0\spaceballoon_stm32_lora32\Core\Drivers\mlx90393\mlx90393_driver.c(12,62): warning C4305: '珥덇린??以?: 'double'?먯꽌 'const float'(??濡??섎┰?덈떎. [C:\Users\hyuns\Desktop\project\SpaceBalloon_2.0\spaceballoon_stm32_lora32\test\build_host\test_drivers_runner.vcxproj]
  C:\Users\hyuns\Desktop\project\SpaceBalloon_2.0\spaceballoon_stm32_lora32\Core\Drivers\mlx90393\mlx90393_driver.c(13,7): warning C4305: '珥덇린??以?: 'double'?먯꽌 'const float'(??濡??섎┰?덈떎. [C:\Users\hyuns\Desktop\project\SpaceBalloon_2.0\spaceballoon_stm32_lora32\test\build_host\test_drivers_runner.vcxproj]
  C:\Users\hyuns\Desktop\project\SpaceBalloon_2.0\spaceballoon_stm32_lora32\Core\Drivers\mlx90393\mlx90393_driver.c(13,14): warning C4305: '珥덇린??以?: 'double'?먯꽌 'const float'(??濡??섎┰?덈떎. [C:\Users\hyuns\Desktop\project\SpaceBalloon_2.0\spaceballoon_stm32_lora32\test\build_host\test_drivers_runner.vcxproj]
  C:\Users\hyuns\Desktop\project\SpaceBalloon_2.0\spaceballoon_stm32_lora32\Core\Drivers\mlx90393\mlx90393_driver.c(13,23): warning C4305: '珥덇린??以?: 'double'?먯꽌 'const float'(??濡??섎┰?덈떎. [C:\Users\hyuns\Desktop\project\SpaceBalloon_2.0\spaceballoon_stm32_lora32\test\build_host\test_drivers_runner.vcxproj]
  C:\Users\hyuns\Desktop\project\SpaceBalloon_2.0\spaceballoon_stm32_lora32\Core\Drivers\mlx90393\mlx90393_driver.c(13,30): warning C4305: '珥덇린??以?: 'double'?먯꽌 'const float'(??濡??섎┰?덈떎. [C:\Users\hyuns\Desktop\project\SpaceBalloon_2.0\spaceballoon_stm32_lora32\test\build_host\test_drivers_runner.vcxproj]
  C:\Users\hyuns\Desktop\project\SpaceBalloon_2.0\spaceballoon_stm32_lora32\Core\Drivers\mlx90393\mlx90393_driver.c(13,39): warning C4305: '珥덇린??以?: 'double'?먯꽌 'const float'(??濡??섎┰?덈떎. [C:\Users\hyuns\Desktop\project\SpaceBalloon_2.0\spaceballoon_stm32_lora32\test\build_host\test_drivers_runner.vcxproj]
  C:\Users\hyuns\Desktop\project\SpaceBalloon_2.0\spaceballoon_stm32_lora32\Core\Drivers\mlx90393\mlx90393_driver.c(13,46): warning C4305: '珥덇린??以?: 'double'?먯꽌 'const float'(??濡??섎┰?덈떎. [C:\Users\hyuns\Desktop\project\SpaceBalloon_2.0\spaceballoon_stm32_lora32\test\build_host\test_drivers_runner.vcxproj]
  C:\Users\hyuns\Desktop\project\SpaceBalloon_2.0\spaceballoon_stm32_lora32\Core\Drivers\mlx90393\mlx90393_driver.c(13,55): warning C4305: '珥덇린??以?: 'double'?먯꽌 'const float'(??濡??섎┰?덈떎. [C:\Users\hyuns\Desktop\project\SpaceBalloon_2.0\spaceballoon_stm32_lora32\test\build_host\test_drivers_runner.vcxproj]
  C:\Users\hyuns\Desktop\project\SpaceBalloon_2.0\spaceballoon_stm32_lora32\Core\Drivers\mlx90393\mlx90393_driver.c(13,62): warning C4305: '珥덇린??以?: 'double'?먯꽌 'const float'(??濡??섎┰?덈떎. [C:\Users\hyuns\Desktop\project\SpaceBalloon_2.0\spaceballoon_stm32_lora32\test\build_host\test_drivers_runner.vcxproj]
  C:\Users\hyuns\Desktop\project\SpaceBalloon_2.0\spaceballoon_stm32_lora32\Core\Drivers\mlx90393\mlx90393_driver.c(25,13): warning C4101: 'status' :李몄“?섏? ?딆? 吏??蹂?섏엯?덈떎. [C:\Users\hyuns\Desktop\project\SpaceBalloon_2.0\spaceballoon_stm32_lora32\test\build_host\test_drivers_runner.vcxproj]
  C:\Users\hyuns\Desktop\project\SpaceBalloon_2.0\spaceballoon_stm32_lora32\Core\Drivers\xa1110\xa1110_driver.c(12,48): warning C4267: '?⑥닔': 'size_t'?먯꽌 'uint16_t'(??濡?蹂?섑븯硫댁꽌 ?곗씠?곌? ?먯떎?????덉뒿?덈떎. [C:\Users\hyuns\Desktop\project\SpaceBalloon_2.0\spaceballoon_stm32_lora32\test\build_host\test_drivers_runner.vcxproj]
  C:\Users\hyuns\Desktop\project\SpaceBalloon_2.0\spaceballoon_stm32_lora32\Core\Drivers\ds18b20\ds18b20.c(201,64): warning C4244: '=': 'double'?먯꽌 'float'(??濡?蹂?섑븯硫댁꽌 ?곗씠?곌? ?먯떎?????덉뒿?덈떎. [C:\Users\hyuns\Desktop\project\SpaceBalloon_2.0\spaceballoon_stm32_lora32\test\build_host\test_drivers_runner.vcxproj]
  C:\Users\hyuns\Desktop\project\SpaceBalloon_2.0\spaceballoon_stm32_lora32\Core\Drivers\ds18b20\ds18b20.c(179,17): warning C4101: 'i' :李몄“?섏? ?딆? 吏??蹂?섏엯?덈떎. [C:\Users\hyuns\Desktop\project\SpaceBalloon_2.0\spaceballoon_stm32_lora32\test\build_host\test_drivers_runner.vcxproj]

    寃쎄퀬 68媛?
    ?ㅻ쪟 0媛?

寃쎄낵 ?쒓컙: 00:00:01.18

