msbuild 踰꾩쟾 17.14.23+b0019275e(.NET Framework??

  mlx90393_driver.c
C:\Users\hyuns\Desktop\project\SpaceBalloon_2.0\spaceballoon_stm32_lora32\Core\Drivers\mlx90393\mlx90393_driver.c(6,7): warning C4305: '珥덇린??以?: 'double'?먯꽌 'const float'(??濡??섎┰?덈떎. [C:\Users\hyuns\Desktop\project\SpaceBalloon_2.0\spaceballoon_stm32_lora32\test\build\test_drivers_runner.vcxproj]
C:\Users\hyuns\Desktop\project\SpaceBalloon_2.0\spaceballoon_stm32_lora32\Core\Drivers\mlx90393\mlx90393_driver.c(6,14): warning C4305: '珥덇린??以?: 'double'?먯꽌 'const float'(??濡??섎┰?덈떎. [C:\Users\hyuns\Desktop\project\SpaceBalloon_2.0\spaceballoon_stm32_lora32\test\build\test_drivers_runner.vcxproj]
C:\Users\hyuns\Desktop\project\SpaceBalloon_2.0\spaceballoon_stm32_lora32\Core\Drivers\mlx90393\mlx90393_driver.c(6,23): warning C4305: '珥덇린??以?: 'double'?먯꽌 'const float'(??濡??섎┰?덈떎. [C:\Users\hyuns\Desktop\project\SpaceBalloon_2.0\spaceballoon_stm32_lora32\test\build\test_drivers_runner.vcxproj]
C:\Users\hyuns\Desktop\project\SpaceBalloon_2.0\spaceballoon_stm32_lora32\Core\Drivers\mlx90393\mlx90393_driver.c(6,30): warning C4305: '珥덇린??以?: 'double'?먯꽌 'const float'(??濡??섎┰?덈떎. [C:\Users\hyuns\Desktop\project\SpaceBalloon_2.0\spaceballoon_stm32_lora32\test\build\test_drivers_runner.vcxproj]
C:\Users\hyuns\Desktop\project\SpaceBalloon_2.0\spaceballoon_stm32_lora32\Core\Drivers\mlx90393\mlx90393_driver.c(6,39): warning C4305: '珥덇린??以?: 'double'?먯꽌 'const float'(??濡??섎┰?덈떎. [C:\Users\hyuns\Desktop\project\SpaceBalloon_2.0\spaceballoon_stm32_lora32\test\build\test_drivers_runner.vcxproj]
C:\Users\hyuns\Desktop\project\SpaceBalloon_2.0\spaceballoon_stm32_lora32\Core\Drivers\mlx90393\mlx90393_driver.c(6,46): warning C4305: '珥덇린??以?: 'double'?먯꽌 'const float'(??濡??섎┰?덈떎. [C:\Users\hyuns\Desktop\project\SpaceBalloon_2.0\spaceballoon_stm32_lora32\test\build\test_drivers_runner.vcxproj]
C:\Users\hyuns\Desktop\project\SpaceBalloon_2.0\spaceballoon_stm32_lora32\Core\Drivers\mlx90393\mlx90393_driver.c(6,55): warning C4305: '珥덇린??以?: 'double'?먯꽌 'const float'(??濡??섎┰?덈떎. [C:\Users\hyuns\Desktop\project\SpaceBalloon_2.0\spaceballoon_stm32_lora32\test\build\test_drivers_runner.vcxproj]
C:\Users\hyuns\Desktop\project\SpaceBalloon_2.0\spaceballoon_stm32_lora32\Core\Drivers\mlx90393\mlx90393_driver.c(6,62): warning C4305: '珥덇린??以?: 'double'?먯꽌 'const float'(??濡??섎┰?덈떎. [C:\Users\hyuns\Desktop\project\SpaceBalloon_2.0\spaceballoon_stm32_lora32\test\build\test_drivers_runner.vcxproj]
C:\Users\hyuns\Desktop\project\SpaceBalloon_2.0\spaceballoon_stm32_lora32\Core\Drivers\mlx90393\mlx90393_driver.c(7,7): warning C4305: '珥덇린??以?: 'double'?먯꽌 'const float'(??濡??섎┰?덈떎. [C:\Users\hyuns\Desktop\project\SpaceBalloon_2.0\spaceballoon_stm32_lora32\test\build\test_drivers_runner.vcxproj]
C:\Users\hyuns\Desktop\project\SpaceBalloon_2.0\spaceballoon_stm32_lora32\Core\Drivers\mlx90393\mlx90393_driver.c(7,14): warning C4305: '珥덇린??以?: 'double'?먯꽌 'const float'(??濡??섎┰?덈떎. [C:\Users\hyuns\Desktop\project\SpaceBalloon_2.0\spaceballoon_stm32_lora32\test\build\test_drivers_runner.vcxproj]
C:\Users\hyuns\Desktop\project\SpaceBalloon_2.0\spaceballoon_stm32_lora32\Core\Drivers\mlx90393\mlx90393_driver.c(7,23): warning C4305: '珥덇린??以?: 'double'?먯꽌 'const float'(??濡??섎┰?덈떎. [C:\Users\hyuns\Desktop\project\SpaceBalloon_2.0\spaceballoon_stm32_lora32\test\build\test_drivers_runner.vcxproj]
C:\Users\hyuns\Desktop\project\SpaceBalloon_2.0\spaceballoon_stm32_lora32\Core\Drivers\mlx90393\mlx90393_driver.c(7,30): warning C4305: '珥덇린??以?: 'double'?먯꽌 'const float'(??濡??섎┰?덈떎. [C:\Users\hyuns\Desktop\project\SpaceBalloon_2.0\spaceballoon_stm32_lora32\test\build\test_drivers_runner.vcxproj]
C:\Users\hyuns\Desktop\project\SpaceBalloon_2.0\spaceballoon_stm32_lora32\Core\Drivers\mlx90393\mlx90393_driver.c(7,39): warning C4305: '珥덇린??以?: 'double'?먯꽌 'const float'(??濡??섎┰?덈떎. [C:\Users\hyuns\Desktop\project\SpaceBalloon_2.0\spaceballoon_stm32_lora32\test\build\test_drivers_runner.vcxproj]
C:\Users\hyuns\Desktop\project\SpaceBalloon_2.0\spaceballoon_stm32_lora32\Core\Drivers\mlx90393\mlx90393_driver.c(7,46): warning C4305: '珥덇린??以?: 'double'?먯꽌 'const float'(??濡??섎┰?덈떎. [C:\Users\hyuns\Desktop\project\SpaceBalloon_2.0\spaceballoon_stm32_lora32\test\build\test_drivers_runner.vcxproj]
C:\Users\hyuns\Desktop\project\SpaceBalloon_2.0\spaceballoon_stm32_lora32\Core\Drivers\mlx90393\mlx90393_driver.c(7,55): warning C4305: '珥덇린??以?: 'double'?먯꽌 'const float'(??濡??섎┰?덈떎. [C:\Users\hyuns\Desktop\project\SpaceBalloon_2.0\spaceballoon_stm32_lora32\test\build\test_drivers_runner.vcxproj]
C:\Users\hyuns\Desktop\project\SpaceBalloon_2.0\spaceballoon_stm32_lora32\Core\Drivers\mlx90393\mlx90393_driver.c(7,62): warning C4305: '珥덇린??以?: 'double'?먯꽌 'const float'(??濡??섎┰?덈떎. [C:\Users\hyuns\Desktop\project\SpaceBalloon_2.0\spaceballoon_stm32_lora32\test\build\test_drivers_runner.vcxproj]
C:\Users\hyuns\Desktop\project\SpaceBalloon_2.0\spaceballoon_stm32_lora32\Core\Drivers\mlx90393\mlx90393_driver.c(8,7): warning C4305: '珥덇린??以?: 'double'?먯꽌 'const float'(??濡??섎┰?덈떎. [C:\Users\hyuns\Desktop\project\SpaceBalloon_2.0\spaceballoon_stm32_lora32\test\build\test_drivers_runner.vcxproj]
C:\Users\hyuns\Desktop\project\SpaceBalloon_2.0\spaceballoon_stm32_lora32\Core\Drivers\mlx90393\mlx90393_driver.c(8,14): warning C4305: '珥덇린??以?: 'double'?먯꽌 'const float'(??濡??섎┰?덈떎. [C:\Users\hyuns\Desktop\project\SpaceBalloon_2.0\spaceballoon_stm32_lora32\test\build\test_drivers_runner.vcxproj]
C:\Users\hyuns\Desktop\project\SpaceBalloon_2.0\spaceballoon_stm32_lora32\Core\Drivers\mlx90393\mlx90393_driver.c(8,23): warning C4305: '珥덇린??以?: 'double'?먯꽌 'const float'(??濡??섎┰?덈떎. [C:\Users\hyuns\Desktop\project\SpaceBalloon_2.0\spaceballoon_stm32_lora32\test\build\test_drivers_runner.vcxproj]
C:\Users\hyuns\Desktop\project\SpaceBalloon_2.0\spaceballoon_stm32_lora32\Core\Drivers\mlx90393\mlx90393_driver.c(8,30): warning C4305: '珥덇린??以?: 'double'?먯꽌 'const float'(??濡??섎┰?덈떎. [C:\Users\hyuns\Desktop\project\SpaceBalloon_2.0\spaceballoon_stm32_lora32\test\build\test_drivers_runner.vcxproj]
C:\Users\hyuns\Desktop\project\SpaceBalloon_2.0\spaceballoon_stm32_lora32\Core\Drivers\mlx90393\mlx90393_driver.c(8,39): warning C4305: '珥덇린??以?: 'double'?먯꽌 'const float'(??濡??섎┰?덈떎. [C:\Users\hyuns\Desktop\project\SpaceBalloon_2.0\spaceballoon_stm32_lora32\test\build\test_drivers_runner.vcxproj]
C:\Users\hyuns\Desktop\project\SpaceBalloon_2.0\spaceballoon_stm32_lora32\Core\Drivers\mlx90393\mlx90393_driver.c(8,46): warning C4305: '珥덇린??以?: 'double'?먯꽌 'const float'(??濡??섎┰?덈떎. [C:\Users\hyuns\Desktop\project\SpaceBalloon_2.0\spaceballoon_stm32_lora32\test\build\test_drivers_runner.vcxproj]
C:\Users\hyuns\Desktop\project\SpaceBalloon_2.0\spaceballoon_stm32_lora32\Core\Drivers\mlx90393\mlx90393_driver.c(8,55): warning C4305: '珥덇린??以?: 'double'?먯꽌 'const float'(??濡??섎┰?덈떎. [C:\Users\hyuns\Desktop\project\SpaceBalloon_2.0\spaceballoon_stm32_lora32\test\build\test_drivers_runner.vcxproj]
C:\Users\hyuns\Desktop\project\SpaceBalloon_2.0\spaceballoon_stm32_lora32\Core\Drivers\mlx90393\mlx90393_driver.c(8,62): warning C4305: '珥덇린??以?: 'double'?먯꽌 'const float'(??濡??섎┰?덈떎. [C:\Users\hyuns\Desktop\project\SpaceBalloon_2.0\spaceballoon_stm32_lora32\test\build\test_drivers_runner.vcxproj]
C:\Users\hyuns\Desktop\project\SpaceBalloon_2.0\spaceballoon_stm32_lora32\Core\Drivers\mlx90393\mlx90393_driver.c(9,7): warning C4305: '珥덇린??以?: 'double'?먯꽌 'const float'(??濡??섎┰?덈떎. [C:\Users\hyuns\Desktop\project\SpaceBalloon_2.0\spaceballoon_stm32_lora32\test\build\test_drivers_runner.vcxproj]
C:\Users\hyuns\Desktop\project\SpaceBalloon_2.0\spaceballoon_stm32_lora32\Core\Drivers\mlx90393\mlx90393_driver.c(9,14): warning C4305: '珥덇린??以?: 'double'?먯꽌 'const float'(??濡??섎┰?덈떎. [C:\Users\hyuns\Desktop\project\SpaceBalloon_2.0\spaceballoon_stm32_lora32\test\build\test_drivers_runner.vcxproj]
C:\Users\hyuns\Desktop\project\SpaceBalloon_2.0\spaceballoon_stm32_lora32\Core\Drivers\mlx90393\mlx90393_driver.c(9,23): warning C4305: '珥덇린??以?: 'double'?먯꽌 'const float'(??濡??섎┰?덈떎. [C:\Users\hyuns\Desktop\project\SpaceBalloon_2.0\spaceballoon_stm32_lora32\test\build\test_drivers_runner.vcxproj]
C:\Users\hyuns\Desktop\project\SpaceBalloon_2.0\spaceballoon_stm32_lora32\Core\Drivers\mlx90393\mlx90393_driver.c(9,30): warning C4305: '珥덇린??以?: 'double'?먯꽌 'const float'(??濡??섎┰?덈떎. [C:\Users\hyuns\Desktop\project\SpaceBalloon_2.0\spaceballoon_stm32_lora32\test\build\test_drivers_runner.vcxproj]
C:\Users\hyuns\Desktop\project\SpaceBalloon_2.0\spaceballoon_stm32_lora32\Core\Drivers\mlx90393\mlx90393_driver.c(9,39): warning C4305: '珥덇린??以?: 'double'?먯꽌 'const float'(??濡??섎┰?덈떎. [C:\Users\hyuns\Desktop\project\SpaceBalloon_2.0\spaceballoon_stm32_lora32\test\build\test_drivers_runner.vcxproj]
C:\Users\hyuns\Desktop\project\SpaceBalloon_2.0\spaceballoon_stm32_lora32\Core\Drivers\mlx90393\mlx90393_driver.c(9,46): warning C4305: '珥덇린??以?: 'double'?먯꽌 'const float'(??濡??섎┰?덈떎. [C:\Users\hyuns\Desktop\project\SpaceBalloon_2.0\spaceballoon_stm32_lora32\test\build\test_drivers_runner.vcxproj]
C:\Users\hyuns\Desktop\project\SpaceBalloon_2.0\spaceballoon_stm32_lora32\Core\Drivers\mlx90393\mlx90393_driver.c(9,55): warning C4305: '珥덇린??以?: 'double'?먯꽌 'const float'(??濡??섎┰?덈떎. [C:\Users\hyuns\Desktop\project\SpaceBalloon_2.0\spaceballoon_stm32_lora32\test\build\test_drivers_runner.vcxproj]
C:\Users\hyuns\Desktop\project\SpaceBalloon_2.0\spaceballoon_stm32_lora32\Core\Drivers\mlx90393\mlx90393_driver.c(9,62): warning C4305: '珥덇린??以?: 'double'?먯꽌 'const float'(??濡??섎┰?덈떎. [C:\Users\hyuns\Desktop\project\SpaceBalloon_2.0\spaceballoon_stm32_lora32\test\build\test_drivers_runner.vcxproj]
C:\Users\hyuns\Desktop\project\SpaceBalloon_2.0\spaceballoon_stm32_lora32\Core\Drivers\mlx90393\mlx90393_driver.c(10,7): warning C4305: '珥덇린??以?: 'double'?먯꽌 'const float'(??濡??섎┰?덈떎. [C:\Users\hyuns\Desktop\project\SpaceBalloon_2.0\spaceballoon_stm32_lora32\test\build\test_drivers_runner.vcxproj]
C:\Users\hyuns\Desktop\project\SpaceBalloon_2.0\spaceballoon_stm32_lora32\Core\Drivers\mlx90393\mlx90393_driver.c(10,14): warning C4305: '珥덇린??以?: 'double'?먯꽌 'const float'(??濡??섎┰?덈떎. [C:\Users\hyuns\Desktop\project\SpaceBalloon_2.0\spaceballoon_stm32_lora32\test\build\test_drivers_runner.vcxproj]
C:\Users\hyuns\Desktop\project\SpaceBalloon_2.0\spaceballoon_stm32_lora32\Core\Drivers\mlx90393\mlx90393_driver.c(10,23): warning C4305: '珥덇린??以?: 'double'?먯꽌 'const float'(??濡??섎┰?덈떎. [C:\Users\hyuns\Desktop\project\SpaceBalloon_2.0\spaceballoon_stm32_lora32\test\build\test_drivers_runner.vcxproj]
C:\Users\hyuns\Desktop\project\SpaceBalloon_2.0\spaceballoon_stm32_lora32\Core\Drivers\mlx90393\mlx90393_driver.c(10,30): warning C4305: '珥덇린??以?: 'double'?먯꽌 'const float'(??濡??섎┰?덈떎. [C:\Users\hyuns\Desktop\project\SpaceBalloon_2.0\spaceballoon_stm32_lora32\test\build\test_drivers_runner.vcxproj]
C:\Users\hyuns\Desktop\project\SpaceBalloon_2.0\spaceballoon_stm32_lora32\Core\Drivers\mlx90393\mlx90393_driver.c(10,39): warning C4305: '珥덇린??以?: 'double'?먯꽌 'const float'(??濡??섎┰?덈떎. [C:\Users\hyuns\Desktop\project\SpaceBalloon_2.0\spaceballoon_stm32_lora32\test\build\test_drivers_runner.vcxproj]
C:\Users\hyuns\Desktop\project\SpaceBalloon_2.0\spaceballoon_stm32_lora32\Core\Drivers\mlx90393\mlx90393_driver.c(10,46): warning C4305: '珥덇린??以?: 'double'?먯꽌 'const float'(??濡??섎┰?덈떎. [C:\Users\hyuns\Desktop\project\SpaceBalloon_2.0\spaceballoon_stm32_lora32\test\build\test_drivers_runner.vcxproj]
C:\Users\hyuns\Desktop\project\SpaceBalloon_2.0\spaceballoon_stm32_lora32\Core\Drivers\mlx90393\mlx90393_driver.c(10,55): warning C4305: '珥덇린??以?: 'double'?먯꽌 'const float'(??濡??섎┰?덈떎. [C:\Users\hyuns\Desktop\project\SpaceBalloon_2.0\spaceballoon_stm32_lora32\test\build\test_drivers_runner.vcxproj]
C:\Users\hyuns\Desktop\project\SpaceBalloon_2.0\spaceballoon_stm32_lora32\Core\Drivers\mlx90393\mlx90393_driver.c(10,62): warning C4305: '珥덇린??以?: 'double'?먯꽌 'const float'(??濡??섎┰?덈떎. [C:\Users\hyuns\Desktop\project\SpaceBalloon_2.0\spaceballoon_stm32_lora32\test\build\test_drivers_runner.vcxproj]
C:\Users\hyuns\Desktop\project\SpaceBalloon_2.0\spaceballoon_stm32_lora32\Core\Drivers\mlx90393\mlx90393_driver.c(11,14): warning C4305: '珥덇린??以?: 'double'?먯꽌 'const float'(??濡??섎┰?덈떎. [C:\Users\hyuns\Desktop\project\SpaceBalloon_2.0\spaceballoon_stm32_lora32\test\build\test_drivers_runner.vcxproj]
C:\Users\hyuns\Desktop\project\SpaceBalloon_2.0\spaceballoon_stm32_lora32\Core\Drivers\mlx90393\mlx90393_driver.c(11,23): warning C4305: '珥덇린??以?: 'double'?먯꽌 'const float'(??濡??섎┰?덈떎. [C:\Users\hyuns\Desktop\project\SpaceBalloon_2.0\spaceballoon_stm32_lora32\test\build\test_drivers_runner.vcxproj]
C:\Users\hyuns\Desktop\project\SpaceBalloon_2.0\spaceballoon_stm32_lora32\Core\Drivers\mlx90393\mlx90393_driver.c(11,30): warning C4305: '珥덇린??以?: 'double'?먯꽌 'const float'(??濡??섎┰?덈떎. [C:\Users\hyuns\Desktop\project\SpaceBalloon_2.0\spaceballoon_stm32_lora32\test\build\test_drivers_runner.vcxproj]
C:\Users\hyuns\Desktop\project\SpaceBalloon_2.0\spaceballoon_stm32_lora32\Core\Drivers\mlx90393\mlx90393_driver.c(11,39): warning C4305: '珥덇린??以?: 'double'?먯꽌 'const float'(??濡??섎┰?덈떎. [C:\Users\hyuns\Desktop\project\SpaceBalloon_2.0\spaceballoon_stm32_lora32\test\build\test_drivers_runner.vcxproj]
C:\Users\hyuns\Desktop\project\SpaceBalloon_2.0\spaceballoon_stm32_lora32\Core\Drivers\mlx90393\mlx90393_driver.c(11,46): warning C4305: '珥덇린??以?: 'double'?먯꽌 'const float'(??濡??섎┰?덈떎. [C:\Users\hyuns\Desktop\project\SpaceBalloon_2.0\spaceballoon_stm32_lora32\test\build\test_drivers_runner.vcxproj]
C:\Users\hyuns\Desktop\project\SpaceBalloon_2.0\spaceballoon_stm32_lora32\Core\Drivers\mlx90393\mlx90393_driver.c(11,55): warning C4305: '珥덇린??以?: 'double'?먯꽌 'const float'(??濡??섎┰?덈떎. [C:\Users\hyuns\Desktop\project\SpaceBalloon_2.0\spaceballoon_stm32_lora32\test\build\test_drivers_runner.vcxproj]
C:\Users\hyuns\Desktop\project\SpaceBalloon_2.0\spaceballoon_stm32_lora32\Core\Drivers\mlx90393\mlx90393_driver.c(11,62): warning C4305: '珥덇린??以?: 'double'?먯꽌 'const float'(??濡??섎┰?덈떎. [C:\Users\hyuns\Desktop\project\SpaceBalloon_2.0\spaceballoon_stm32_lora32\test\build\test_drivers_runner.vcxproj]
C:\Users\hyuns\Desktop\project\SpaceBalloon_2.0\spaceballoon_stm32_lora32\Core\Drivers\mlx90393\mlx90393_driver.c(12,7): warning C4305: '珥덇린??以?: 'double'?먯꽌 'const float'(??濡??섎┰?덈떎. [C:\Users\hyuns\Desktop\project\SpaceBalloon_2.0\spaceballoon_stm32_lora32\test\build\test_drivers_runner.vcxproj]
C:\Users\hyuns\Desktop\project\SpaceBalloon_2.0\spaceballoon_stm32_lora32\Core\Drivers\mlx90393\mlx90393_driver.c(12,14): warning C4305: '珥덇린??以?: 'double'?먯꽌 'const float'(??濡??섎┰?덈떎. [C:\Users\hyuns\Desktop\project\SpaceBalloon_2.0\spaceballoon_stm32_lora32\test\build\test_drivers_runner.vcxproj]
C:\Users\hyuns\Desktop\project\SpaceBalloon_2.0\spaceballoon_stm32_lora32\Core\Drivers\mlx90393\mlx90393_driver.c(12,23): warning C4305: '珥덇린??以?: 'double'?먯꽌 'const float'(??濡??섎┰?덈떎. [C:\Users\hyuns\Desktop\project\SpaceBalloon_2.0\spaceballoon_stm32_lora32\test\build\test_drivers_runner.vcxproj]
C:\Users\hyuns\Desktop\project\SpaceBalloon_2.0\spaceballoon_stm32_lora32\Core\Drivers\mlx90393\mlx90393_driver.c(12,30): warning C4305: '珥덇린??以?: 'double'?먯꽌 'const float'(??濡??섎┰?덈떎. [C:\Users\hyuns\Desktop\project\SpaceBalloon_2.0\spaceballoon_stm32_lora32\test\build\test_drivers_runner.vcxproj]
C:\Users\hyuns\Desktop\project\SpaceBalloon_2.0\spaceballoon_stm32_lora32\Core\Drivers\mlx90393\mlx90393_driver.c(12,39): warning C4305: '珥덇린??以?: 'double'?먯꽌 'const float'(??濡??섎┰?덈떎. [C:\Users\hyuns\Desktop\project\SpaceBalloon_2.0\spaceballoon_stm32_lora32\test\build\test_drivers_runner.vcxproj]
C:\Users\hyuns\Desktop\project\SpaceBalloon_2.0\spaceballoon_stm32_lora32\Core\Drivers\mlx90393\mlx90393_driver.c(12,46): warning C4305: '珥덇린??以?: 'double'?먯꽌 'const float'(??濡??섎┰?덈떎. [C:\Users\hyuns\Desktop\project\SpaceBalloon_2.0\spaceballoon_stm32_lora32\test\build\test_drivers_runner.vcxproj]
C:\Users\hyuns\Desktop\project\SpaceBalloon_2.0\spaceballoon_stm32_lora32\Core\Drivers\mlx90393\mlx90393_driver.c(12,55): warning C4305: '珥덇린??以?: 'double'?먯꽌 'const float'(??濡??섎┰?덈떎. [C:\Users\hyuns\Desktop\project\SpaceBalloon_2.0\spaceballoon_stm32_lora32\test\build\test_drivers_runner.vcxproj]
C:\Users\hyuns\Desktop\project\SpaceBalloon_2.0\spaceballoon_stm32_lora32\Core\Drivers\mlx90393\mlx90393_driver.c(12,62): warning C4305: '珥덇린??以?: 'double'?먯꽌 'const float'(??濡??섎┰?덈떎. [C:\Users\hyuns\Desktop\project\SpaceBalloon_2.0\spaceballoon_stm32_lora32\test\build\test_drivers_runner.vcxproj]
C:\Users\hyuns\Desktop\project\SpaceBalloon_2.0\spaceballoon_stm32_lora32\Core\Drivers\mlx90393\mlx90393_driver.c(13,7): warning C4305: '珥덇린??以?: 'double'?먯꽌 'const float'(??濡??섎┰?덈떎. [C:\Users\hyuns\Desktop\project\SpaceBalloon_2.0\spaceballoon_stm32_lora32\test\build\test_drivers_runner.vcxproj]
C:\Users\hyuns\Desktop\project\SpaceBalloon_2.0\spaceballoon_stm32_lora32\Core\Drivers\mlx90393\mlx90393_driver.c(13,14): warning C4305: '珥덇린??以?: 'double'?먯꽌 'const float'(??濡??섎┰?덈떎. [C:\Users\hyuns\Desktop\project\SpaceBalloon_2.0\spaceballoon_stm32_lora32\test\build\test_drivers_runner.vcxproj]
C:\Users\hyuns\Desktop\project\SpaceBalloon_2.0\spaceballoon_stm32_lora32\Core\Drivers\mlx90393\mlx90393_driver.c(13,23): warning C4305: '珥덇린??以?: 'double'?먯꽌 'const float'(??濡??섎┰?덈떎. [C:\Users\hyuns\Desktop\project\SpaceBalloon_2.0\spaceballoon_stm32_lora32\test\build\test_drivers_runner.vcxproj]
C:\Users\hyuns\Desktop\project\SpaceBalloon_2.0\spaceballoon_stm32_lora32\Core\Drivers\mlx90393\mlx90393_driver.c(13,30): warning C4305: '珥덇린??以?: 'double'?먯꽌 'const float'(??濡??섎┰?덈떎. [C:\Users\hyuns\Desktop\project\SpaceBalloon_2.0\spaceballoon_stm32_lora32\test\build\test_drivers_runner.vcxproj]
C:\Users\hyuns\Desktop\project\SpaceBalloon_2.0\spaceballoon_stm32_lora32\Core\Drivers\mlx90393\mlx90393_driver.c(13,39): warning C4305: '珥덇린??以?: 'double'?먯꽌 'const float'(??濡??섎┰?덈떎. [C:\Users\hyuns\Desktop\project\SpaceBalloon_2.0\spaceballoon_stm32_lora32\test\build\test_drivers_runner.vcxproj]
C:\Users\hyuns\Desktop\project\SpaceBalloon_2.0\spaceballoon_stm32_lora32\Core\Drivers\mlx90393\mlx90393_driver.c(13,46): warning C4305: '珥덇린??以?: 'double'?먯꽌 'const float'(??濡??섎┰?덈떎. [C:\Users\hyuns\Desktop\project\SpaceBalloon_2.0\spaceballoon_stm32_lora32\test\build\test_drivers_runner.vcxproj]
C:\Users\hyuns\Desktop\project\SpaceBalloon_2.0\spaceballoon_stm32_lora32\Core\Drivers\mlx90393\mlx90393_driver.c(13,55): warning C4305: '珥덇린??以?: 'double'?먯꽌 'const float'(??濡??섎┰?덈떎. [C:\Users\hyuns\Desktop\project\SpaceBalloon_2.0\spaceballoon_stm32_lora32\test\build\test_drivers_runner.vcxproj]
C:\Users\hyuns\Desktop\project\SpaceBalloon_2.0\spaceballoon_stm32_lora32\Core\Drivers\mlx90393\mlx90393_driver.c(13,62): warning C4305: '珥덇린??以?: 'double'?먯꽌 'const float'(??濡??섎┰?덈떎. [C:\Users\hyuns\Desktop\project\SpaceBalloon_2.0\spaceballoon_stm32_lora32\test\build\test_drivers_runner.vcxproj]
C:\Users\hyuns\Desktop\project\SpaceBalloon_2.0\spaceballoon_stm32_lora32\Core\Drivers\mlx90393\mlx90393_driver.c(25,13): warning C4101: 'status' :李몄“?섏? ?딆? 吏??蹂?섏엯?덈떎. [C:\Users\hyuns\Desktop\project\SpaceBalloon_2.0\spaceballoon_stm32_lora32\test\build\test_drivers_runner.vcxproj]
  test_drivers_runner.vcxproj -> C:\Users\hyuns\Desktop\project\SpaceBalloon_2.0\spaceballoon_stm32_lora32\test\build\Debug\test_drivers_runner.exe
