Change Dir: 'C:/Users/hyuns/Desktop/project/SpaceBalloon_2.0/spaceballoon_stm32_lora32/test/build_host'

Run Build Command(s): "C:/Program Files (x86)/Microsoft Visual Studio/2022/BuildTools/MSBuild/Current/Bin/amd64/MSBuild.exe" test_drivers_runner.vcxproj /p:Configuration=Debug /p:Platform=x64 /p:VisualStudioVersion=17.0 /v:n
msbuild 踰꾩쟾 17.14.23+b0019275e(.NET Framework??
鍮뚮뱶 ?쒖옉: 2026-01-08 ?ㅽ썑 1:18:08

1 ?몃뱶??"C:\Users\hyuns\Desktop\project\SpaceBalloon_2.0\spaceballoon_stm32_lora32\test\build_host\test_drivers_runner.vcxproj" ?꾨줈?앺듃(湲곕낯 ????낅땲??
"C:\Users\hyuns\Desktop\project\SpaceBalloon_2.0\spaceballoon_stm32_lora32\test\build_host\test_drivers_runner.vcxproj"(1) ?꾨줈?앺듃媛 1 ?몃뱶?먯꽌 "C:\Users\hyuns\Desktop\project\SpaceBalloon_2.0\spaceballoon_stm32_lora32\test\build_host\ZERO_CHECK.vcxproj"(2)??瑜? 鍮뚮뱶?섍퀬 ?덉뒿?덈떎(湲곕낯 ???.
PrepareForBuild:
  援ъ“??異쒕젰???ъ슜?????덉뒿?덈떎. 而댄뙆?쇰윭 吏꾨떒???쒖떇? ?ㅻ쪟 怨꾩링 援ъ“瑜?諛섏쁺?⑸땲?? ?먯꽭???댁슜? https://aka.ms/cpp/structured-output??李몄“?섏꽭??
InitializeBuildStatus:
  "AlwaysCreate"??媛) 吏?뺣릺?덇린 ?뚮Ц??"x64\Debug\ZERO_CHECK\ZERO_CHECK.tlog\unsuccessfulbuild"??瑜? 留뚮뱾怨??덉뒿?덈떎.
  "x64\Debug\ZERO_CHECK\ZERO_CHECK.tlog\unsuccessfulbuild"???곌껐(touching)?섍퀬 ?덉뒿?덈떎.
CustomBuild:
  紐⑤뱺 異쒕젰??理쒖떊 ?곹깭?낅땲??
FinalizeBuildStatus:
  "x64\Debug\ZERO_CHECK\ZERO_CHECK.tlog\unsuccessfulbuild" ?뚯씪????젣?섍퀬 ?덉뒿?덈떎.
  "x64\Debug\ZERO_CHECK\ZERO_CHECK.tlog\ZERO_CHECK.lastbuildstate"???곌껐(touching)?섍퀬 ?덉뒿?덈떎.
"C:\Users\hyuns\Desktop\project\SpaceBalloon_2.0\spaceballoon_stm32_lora32\test\build_host\ZERO_CHECK.vcxproj" ?꾨줈?앺듃瑜?鍮뚮뱶?덉뒿?덈떎(湲곕낯 ???.
PrepareForBuild:
  援ъ“??異쒕젰???ъ슜?????덉뒿?덈떎. 而댄뙆?쇰윭 吏꾨떒???쒖떇? ?ㅻ쪟 怨꾩링 援ъ“瑜?諛섏쁺?⑸땲?? ?먯꽭???댁슜? https://aka.ms/cpp/structured-output??李몄“?섏꽭??
InitializeBuildStatus:
  "AlwaysCreate"??媛) 吏?뺣릺?덇린 ?뚮Ц??"test_drivers_runner.dir\Debug\test_dri.5434C82A.tlog\unsuccessfulbuild"??瑜? 留뚮뱾怨??덉뒿?덈떎.
  "test_drivers_runner.dir\Debug\test_dri.5434C82A.tlog\unsuccessfulbuild"???곌껐(touching)?섍퀬 ?덉뒿?덈떎.
CustomBuild:
  紐⑤뱺 異쒕젰??理쒖떊 ?곹깭?낅땲??
ClCompile:
  紐⑤뱺 異쒕젰??理쒖떊 ?곹깭?낅땲??
Link:
  紐⑤뱺 異쒕젰??理쒖떊 ?곹깭?낅땲??
  test_drivers_runner.vcxproj -> C:\Users\hyuns\Desktop\project\SpaceBalloon_2.0\spaceballoon_stm32_lora32\test\build_host\Debug\test_drivers_runner.exe
FinalizeBuildStatus:
  "test_drivers_runner.dir\Debug\test_dri.5434C82A.tlog\unsuccessfulbuild" ?뚯씪????젣?섍퀬 ?덉뒿?덈떎.
  "test_drivers_runner.dir\Debug\test_dri.5434C82A.tlog\test_drivers_runner.lastbuildstate"???곌껐(touching)?섍퀬 ?덉뒿?덈떎.
"C:\Users\hyuns\Desktop\project\SpaceBalloon_2.0\spaceballoon_stm32_lora32\test\build_host\test_drivers_runner.vcxproj" ?꾨줈?앺듃瑜?鍮뚮뱶?덉뒿?덈떎(湲곕낯 ???.

鍮뚮뱶?덉뒿?덈떎.
    寃쎄퀬 0媛?
    ?ㅻ쪟 0媛?

寃쎄낵 ?쒓컙: 00:00:00.31

