../Core/Src/main.c:87:5:main	1
../Core/Src/main.c:141:6:SystemClock_Config	3
../Core/Src/main.c:183:13:MX_I2C1_Init	4
../Core/Src/main.c:231:13:MX_I2C3_Init	4
../Core/Src/main.c:279:13:MX_RTC_Init	4
../Core/Src/main.c:330:13:MX_TIM1_Init	3
../Core/Src/main.c:371:13:MX_TIM3_Init	4
../Core/Src/main.c:420:13:MX_TIM8_Init	7
../Core/Src/main.c:504:13:MX_TIM16_Init	6
../Core/Src/main.c:571:13:MX_USART1_UART_Init	5
../Core/Src/main.c:619:13:MX_USART2_UART_Init	5
../Core/Src/main.c:667:13:MX_USART3_UART_Init	5
../Core/Src/main.c:715:13:MX_GPIO_Init	1
../Core/Src/main.c:779:6:Error_Handler	1
